[  0.000000] Initializing cgroup subsys cpuset
[    0.000000] Initializing cgroup subsys cpu
[    0.000000] Initializing cgroup subsys cpuacct
[    0.000000] Linux version 4.4.0-139-generic (buildd@lcy01-amd64-006) (gcc version 5.4.0 20160609 (Ubuntu 5.4.0-6ubuntu1~16.04.10) ) #165-Ubuntu SMP Wed Oct 24 10:58:50 UTC 2018 (Ubuntu 4.4.0-139.165-generic 4.4.160)
[   0.000000] Command line: BOOT_IMAGE=/boot/vmlinuz-4.4.0-139-generic oot=LABEL=cloudimg-rootfs ro console=tty1 console=ty0
[    0.000000] KERNEL supported cpus:
[    0.000000]   Itel GenuineIntel
[    0.000000]   AMD AuthenticMD
[   .00000]   Centaur CentaurHauls
[    0.000000] x86/fpu: xstate_offset[2]:  576, xstate_sizes[2]:  256
[    0.000000] x86/fpu: Supporting XSAVE featur 0x01: 'x8 floating pin registers'
[    0.000000] x86/fpu: Supporting XSAVE feature 0x02: 'SSE registers'
[    0.000000] x86/fpu: Supporting XSAVE feature 0x04: 'AVX registers'
[   0.000000] x86/fpu: Enabled state features 0x7, context size is 832 bytes, using 'standard' format.
[    0.000000] e820: BIOS-provided physical RAM map:
[    0.000000] BIOS-e820: [mem 0x0000000000000000-0x000000000009fbff] usable
[    0.000000] BIOS-e820: [mem 0x0000000000099fc00-0x0000000009ffff] reserved
[    0.000000] BIOS-e820: [mem 0x00000000000f0000-0x00000000000fffff] reserved
[    0.000000] BIOS-e820: [mem 0x0000000000100000-0x000000003ffeffff] usable
[    0.000000] BIOS-e820: [mem 0x000000003fff0000-0x000000003fffffff] ACPI data
[    0.000000] BIOS-e820: [mem 0x00000000fec00000-0x00000000fec00fff] reserved
[    0.000000] BIOS-e820: [mem 0x00000000fee00000-0x00000000fee00fff] reserved
[    0.000000] BIOS-e820: [mem 0x00000000fffc0000-0x00000000ffffffff] reserved
[    0.000000] NX (Execute Disable) protection: active
[    0.000000] SMBIOS 2.5 present.
[  0.000000]Hyeriiso detected: KVM
[    0.000000] e820: last_pn = 03ff0 max_arch_pfn = 0x400000000
[    0.000000] MTRR: Disabled
[    0.000000] x86/PAT: MTRRs disabled, skipping PAT initialization too.
[    0.000000] CPU MTRRs all blank - virtualized system.
[    0.000000] x86/PAT: Configuration [0-7]: WB  WT  UC- UC  WB  WT  UC- UC  
[    0.000000] found SMP MP-table at [mem 0x0009fff0-0x0009ffff] mapped at [ffff88000009fff0]
[    0.000000] Scanning 1 areas for low memory corruption
[    0.000000] RAMDISK: [mem 0x36308000-0x3717bfff]
[    0.000000] ACPI: Early table checksum verification disabled
[    0.000000] ACPI: RSDP 0x00000000000E0000 000024 (v02 VBOX  )
[    0.000000] ACPI: XSDT 0x000000003FFF0030 00003C (v01 VBOX   VBOXXSDT 00000001 ASL  00000061)
[    0.000000] ACPI: FACP 0x000000003FFF00F0 0000F4 (v04 VBOX   VBOXFACP 00000001 ASL  00000061)
[    0.000000] ACPI: DSDT 0x000000003FFF0470 0021FF (v02 VBOX   VBOXBIOS 00000002 INTL 20100528)
[    0.000000] ACPI: FACS 0x000000003FFF0200 000040
[    0.000000] ACPI: FACS 0x000000003FFF0200 000040
[    0.000000] ACPI: APIC 0x000000003FFF0240 00005C (v02 VBOX   VBOXAPIC 00000001 ASL  00000061)
[    0.000000] ACPI: SSDT 0x000000003FFF02A0 0001CC (v01 VBOX   VBOXCPUT 00000002 INTL 20100528)
[    0.000000] No NUMA configuration found
[    0.000000] Faking a node at [mem 0x0000000000000000-0x000000003ffeffff]
[    0.000000] NODE_DATA(0) allocated [mem 0x3ffeb000-0x3ffeffff]
[    0.000000] kvm-clock: Using msrs 4b564d01 and 4b564d00
[    0.000000] kvm-clock: cpu 0, msr 0:3ffe3001, primary cpu clock
[    0.000000] kvm-clock: using sched offset of 5447201571 cycles
[    0.000000] clocksource: kvm-clock: mask: 0xffffffffffffffff max_cycles: 0x1cd42e4dffb, max_idle_ns: 881590591483 ns
[    0.000000] Zone ranges:
[    0.000000]   DMA      [mem 0x0000000000001000-0x0000000000ffffff]
[    0.000000]   DMA32    [mem 0x0000000001000000x00000003feffff]
[    0.0000]   Normal   empty
[    0.000000]   Device   empty
[    0.000000] Movable zone start for each node
[    0.000000] Early memory node ranges
[    0.000000]   node   0: [mm 0000000000001000-0x000000000009efff]
[    0.000000]   node   0: [mem x000000000000000-000000003feffff]
[    .00000] Initemsetup od 0 [me 0x0000000000001000-0x000000003feffff]
[    0.000000] ACPI: PM-Timer IO Port: 0x4008
[    0.000000] IOAPIC[0]: apic_id 2, version 32, address 0xfec00000, GSI 0-23
[    0.000000] ACPI: INT_SRC_OVR (bus 0 bus_irq 0 global_irq 2 dfl dfl)
[    0.000000] ACPI: INT_SRC_OVR (bus 0 bus_irq 9 global_irq 9 low level)
[    0.000000] Using ACPI (MADT) for SMP configuration information
[    0.000000] smpboot: Allowing 2 CPUs, 0 hotplug CPUs
[    0.000000] PM: Registered nosave memory: [mem 0x00000000-0x00000fff]
[    0.000000] PM: Registered nosave memory: [mem 0x0009f000-0x0009ffff]
[    0.000000] PM: Registered nosave memory: [mem 0x000a0000-0x000effff]
[    0.000000] PM: Registered nosave memoy:[mem 0x000f00-0x000fffff]
[    0.000000] e820: [mem 0x40000000-0xfebfffff] available for PCI devices
[    0.000000] Booting paravirtualized kernel on KVM
[    0.000000] clocksource: refined-jiffies: mask: 0xffffffff max_cycles: 0xffffffff, max_idle_ns: 7645519600211568 ns
[    0.000000] setup_percpu: NR_CPUS:512 nr_cpumask_bits:512 nr_cpu_ids:2 nr_node_ids:1
[    0.000000] PERCPU: Embedded 34 pages/cpu @ffff88003fc00000 s99608 r8192 d31464 u1048576
[    0.000000] PV qspinlock hash table entries: 256 (order: 0, 4096 bytes)
[    0.000000] Built 1 zonelists in Node order, mobility grouping on.  Total pages: 257912
[   .000000 Policy zone DMA32
[    0.000000] Kernel command line: BOOT_IMAGE=/boot/vmlinuz-4.4.0-139-generic root=LABEL=cloudimg-rootfs ro console=tty1 console=ttyS0
[    0.000000] PID hash table entries: 4096 (order: 3, 32768 bytes)
[    0.000000] Memory: 997704K/1048120K available (8564K kernel code, 1314K rwdata, 4004K rodata, 1528K init, 1316K bss, 50416K reserved, 0K cma-reserved)
[    0.000000] SLUB: HWalign=64, Order=0-3, MinObjects=0, CPUs=2, Nodes=1
[    0.000000] Kernel/User page tables isolation: enabled
[    0.000000] Hierarchical RCU implementation.
[    0.000000] 	Build-time adjustment of leaf fanout to 64.
[    0.000000] 	RCU restricting CPUs from NR_CPUS=512 to nr_cpu_ids=2.
[    0.000000] RCU: Adjusting geometry for rcu_fanout_leaf=64, nr_cpu_ids=2
[    0.000000] NR_IRQS:33024 nr_irqs:440 16
[    0.000000] Console: colour VGA+ 80x25
[    0.000000] console [tty1] enabled
[    0.000000] console [ttyS0] enabled
[    0.000000] tsc: Detected 1995.384 MHz processor
[    1.780322] Calibrating delay loop (skipped) preset value.. 3990.76 BogoMIPS (lpj=7981536)
[    1.782558] pid_max: default: 32768 minimum: 301
[    1.783813] ACPI: Core revision 20150930
[    1.786258] ACPI: 2 ACPI AML tables successfully acquired and loaded
[    1.788055] Security Famework initialized
[    1.808412] Yama: becoming mindfl.
[    1.832726] AppArmor: AppArmor initialized
[    1.842652] Dentry cache hash table entries: 131072 (order: 8, 1048576 bytes)
[    1.876954] Inode-cache hash table entries: 65536 (order: 7, 524288 bytes)
[    1.909496] Mount-cache hash table entries: 2048 (order: 2, 16384 bytes)
[    1.932792] Mountpoint-cache hash table entries: 2048 (order: 2, 16384 bytes)
[    1.954645] Initializing cgroup subsys io
[    1.988696] Initializing cgroup subsys memory
[    2.016976] Initializing cgroup subsys devices
[    2.049785] Initializing cgroup subsys freezer
[    2.068097] Initializing cgroup subsys net_cls
[    2.072896] Initializing cgroup subsys perf_event
[    2.074456] Initializing cgroup subsys net_prio
[    2.076482] Initializing cgroup subsys hugetlb
[    2.082273] Initializing cgroup subsys pids
[    2.095799] mce: CPU supports 0 MCE banks
[    2.109169] Last level iTLB entries: 4KB 64, 2MB 8, 4MB 8
[    2.125898] Last level dTLB entries: 4KB 64, 2MB 0, 4MB 0, 1GB 4
[    2.164270] Spectre V2 : Mitigation: Full generic retpoline
[    2.208612] Spectre V2 : Spectre v2 mitigation: Speculation control IBPB not-supported IBRS not-supported
[    2.236978] Spectre V2 : Spectre v2 / SpectreRSB mitigation: Filling RSB on context switch
[    2.289320] Speculative Store Bypass: Vulnerable
[    2.316693] Freeing SMP alternatives memory: 32K
[    2.336897] ftrace: allocating 32278 entries in 127 pages
[    2.529707] smpboot: APIC(0) Converting physical 0 to logical package 0
[    2.532541] smpboot: Max logical packages: 1
[    2.535015] x2apic enabled
[    2.536969] Switched APIC routing to physical x2apic.
[    2.541179] ..TIMER: vector=0x30 apic1=0 pin1=2 apic2=-1 pin2=-1
[    2.651622] smpboot: CPU0: Intel(R) Coe(TM) i3-5005U CPU @ 2.00GHz (family: 0x6, model: 0x3d, stepping: 0x4)
[    2.712802] Performance Events: unsupported p6 CPU model 61 no PMU driver, software events only.
[    2.715495] KVM setup paravirtual spinlock
[    2.717652] x86: Booting SMP configuration:
[    2.718808] .... node  #0, CPUs:      #1
[    2.720033] kvm-clock: cpu 1, msr 0:3ffe3041, secondary cpu clock
[    2.722557] mce: CPU supports 0 MCE banks
[    2.725503] x86: Booted up 1 node, 2 CPUs
[    2.734066] smpboot: Total of 2 processors activated (7981.53 BogoMIPS)
[    2.736695] devtmpfs: initialized
[    2.740479] evm: security.selinux
[    2.741804] evm: security.SMACK64
[    2.743264] evm: security.SMACK64EXEC
[    2.744575] evm: security.SMACK64TRANSMUTE
[    2.745983] evm: security.SMACK64MMAP
[    2.747211] evm: security.ima
[    2.748404] evm: security.capability
[    2.749982] clocksource: jiffies: mask: 0xffffffff max_cycles: 0xffffffff, max_idle_ns: 7645041785100000 ns
[    2.753354] futex hash table entries: 512 (order: 3, 32768 bytes)
[    2.757914] pinctrl core: initialized pinctrl subsystem
[    2.760971] RTC time: 14:43:07, date: 11/22/18
[    2.763232] NET: Registered protocol family 16
[    2.776635] cpuidle: using governor ladder
[    2.789288] cpuidle: using governor menu
[    2.790745] PCCT header not found.
[    2.792512] ACPI: bus type PCI registered
[    2.793946] acpiphp: ACPI Hot Plug PCI Controller Driver version: 0.5
[    2.796043] PCI: Using configuration type 1 for base access
[    2.809793] ACPI: Added _OSI(Module Device)
[    2.811375] ACPI: Added _OSI(Processor Device)
[    2.814137] ACPI: Added _OSI(3.0 _SCP Extensions)
[    2.815672] ACPI: Added _OSI(Processor Aggregator Device)
[    2.818410] ACPI: Executed 1 blocks of module-level executable AML code
[    2.824056] ACPI: Interpreter enabled
[    2.825545] ACPI: (supports S0 S5)
[    2.841764] ACPI: Using IOAPIC for interrupt routing
[    2.864419] PCI: Using host bridge windows from ACPI; if necessary, use "pci=nocrs" and report a bug
[    2.902108] ACPI: PCI Root Bridge [PCI0] (domain 0000 [bus 00-ff])
[    2.922894] acpi PNP0A03:00: _OSC: OS supports [ASPM ClockPM Segments MSI]
[    2.942285] acpi PNP0A03:00: _OSC: not requesting OS control; OS requires [ExtendedConfig ASPM ClockPM MSI]
[    2.976861] acpi PNP0A03:00: fail to add MMCONFIG information, can't access extended PCI configuration space under this bridge.
[    3.013033] PCI host bridge to bus 0000:00
[    3.016574] pci_bus 0000:00: root bus resource [io  0x0000-0x0cf7 window]
[    3.039141] pci_bus 0000:00: root bus resource [io  0x0d00-0xffff window]
[    3.060434] pci_bus 0000:00: root bus resource [mem 0x000a0000-0x000bffff window]
[    3.081268] pci_bus 0000:00: root bus resource [mem 0x40000000-0xfdffffff window]
[    3.092190] pci_bus 0000:00: root bus resource [bus 00-ff]
[    3.102268] pci 0000:00:01.1: legacy IDE quirk: reg 0x10: [io  0x01f0-0x01f7]
[    3.110980] pci 0000:00:01.1: legacy IDE quirk: reg 0x14: [io  0x03f6]
[    3.115607] pci 0000:00:01.1: legacy IDE quirk: reg 0x18: [io  0x0170-0x0177]
[    3.146052] pci 0000:00:01.1: legacy IDE quirk: reg 0x1c: [io  0x0376]
[    3.260045] pci 0000:00:07.0: quirk: [io  0x4000-0x403f] claimed by PIIX4 ACPI
[    3.287238] pci 0000:00:07.0: quirk: [io  0x4100-0x410f] claimed by PIIX4 SMB
[    3.334340] ACPI: PCI Interrupt Link [LNKA] (IRQs 5 9 10 *11)
[    3.354152] ACPI: PCI Interrupt Link [LNKB] (IRQs 5 9 *10 11)
[    3.372041] ACPI: PCI Interrupt Link [LNKC] (IRQs 5 *9 10 11)
[    3.393220] ACPI: PCI Interrupt Link [LNKD] (IRQs 5 9 10 *11)
[    3.418713] ACPI: Enabled 2 GPEs in block 00 to 07
[    3.426568] vgaarb: setting as boot device: PCI:0000:00:02.0
[    3.446030] vgaarb: device added: PCI:0000:00:02.0,decodes=io+mem,owns=io+mem,locks=none
[    3.460969] vgaarb: loaded
[    3.474782] vgaarb: bridge control possible 0000:00:02.0
[    3.488727] SCSI subsystem initialized
[    3.499199] ACPI: bus type USB registered
[    3.510578] usbcore: registered new interface driver usbfs
[    3.518631] usbcore: registered new interface driver hub
[    3.529020] usbcore: registered new device driver usb
[    3.574235] PCI: Using ACPI for IRQ routing
[    3.594946] NetLabel: Initializing
[    3.599501] NetLabel:  domain hash size = 128
[    3.620175] NetLabel:  protocols = UNLABELED CIPSOv4
[    3.639875] NetLabel:  unlabeled traffic allowed by default
[    3.647314] amd_nb: Cannot enumerate AMD northbridges
[    3.678091] clocksource: Switched to clocksource kvm-clock
[    3.73744] AppArmor: AppArmor Filesystem Enabled
[    3.832493] pnp: PnP ACPI init
[    3.835532] pnp: PnP ACPI: found 3 devices

[    3.851982] clocksource: acpi_pm: mask: 0xffffff max_cycles: 0xffffff, max_idle_ns: 2085701024 ns
[    3.856839] NET: Registered protocol family 2
[    3.859567] TCP established hash table entries: 8192 (order: 4, 65536 bytes)
[    3.863799] TCP bind hash table entries: 8192 (order: 5, 131072 bytes)
[    3.866567] TCP: Hash tables configured (established 8192 bind 8192)
[    3.869889] UDP hash table entries: 512 (order: 2, 16384 bytes)
[    3.872569] UDP-Lite hash table entries: 512 (order: 2, 16384 bytes)
[    3.876026] NET: Registered protocol family 1
[    3.878812] pci 0000:00:00.0: Limiting direct PCI/PCI transfers
[    3.881843] pci 0000:00:01.0: Activating ISA DMA hang workarounds
[    3.884802] Unpacking initramfs...
[    4.541577] Freeing initrd memory: 14800K
[    4.559914] RAPL PMU detected, API unit is 2^-32 Joules, 4 fixed counters 10737418240 ms ovfl timer
[    4.579444] hw unit of domain pp0-core 2^-0 Joules
[    4.589445] hw unit of domain package 2^-0 Joules
[    4.594520] hw unit of domain dram 2^-0 Joules
[    4.616647] hw unit of domain pp1-gpu 2^-0 Joules
[    4.643038] platform rtc_cmos: registered platform RTC device (no PNP device found)
[    4.678233] Scanning for low memory corruption every 60 seconds
[    4.682689] audit: initializing netlink subsys (disabled)
[    4.685399] audit: type=2000 audit(1542897793.121:1): initialized
[    4.688518] Initialise system trusted keyring
[    4.690960] HugeTLB registered 2 MB page size, pre-allocated 0 pages
[    4.727941] zbud: loaded
[    4.738006] VFS: Disk quotas dquot_6.6.0
[    4.755341] VFS: Dquot-cache hash table entries: 512 (order 0, 4096 bytes)
[    4.771340] squashfs: version 4.0 (2009/01/31) Phillip Lougher
[    4.792601] fuse init (API version 7.23)
[    4.795213] Key type big_key registered
[    4.814697] Allocating IMA MOK and blacklist keyrings.
[    4.837770] Key type asymmetric registered
[    4.841319] Asymmetric key parser 'x509' registered
[    4.846084] Block layer SCSI generic (bsg) driver version 0.4 loaded (major 249)
[    4.886513] io scheduler noop registered
[    4.908353] io scheduler deadline registered (default)
[    4.933084] io scheduler cfq registered
[    4.941417] pci_hotplug: PCI Hot Plug PCI Core version: 0.5
[    4.944852] pciehp: PCI Express Hot Plug Controller Driver version: 0.4
[    4.947131] ACPI: AC Adapter [AC] (off-line)
[    4.948662] input: Power Button as /devices/LNXSYSTM:00/LNXPWRBN:00/input/input0
[    4.951172] ACPI: Power Button [PWRF]
[    4.952602] input: Sleep Button as /devices/LNXSYSTM:00/LNXSLPBN:00/input/input1
[    4.955154] ACPI: Sleep Button [SLPF]
[    4.958210] ACPI: Battery Slot [BAT0] (battery present)
[    4.958214] GHES: HEST is not enabled!
[    4.962247] Serial: 8250/16550 driver, 32 ports, IRQ sharing enabled
[    4.986023] 00:02: ttyS0 at I/O 0x3f8 (irq = 4, base_baud = 115200) is a 16550A
[    4.991914] Linux agpgart interface v0.103
[    4.999872] loop: module loaded
[    5.001983] scsi host0: ata_piix
[    5.003450] scsi host1: ata_piix
[    5.004677] ata1: PATA max UDMA/33 cmd 0x1f0 ctl 0x3f6 bmdma 0xd000 irq 14
[    5.006901] ata2: PATA max UDMA/33 cmd 0x170 ctl 0x376 bmdma 0xd008 irq 15
[    5.009188] libphy: Fixed MDIO Bus: probed
[    5.011139] tun: Universal TUN/TAP device driver, 1.6
[    5.012761] tun: (C) 1999-2004 Max Krasnyansky <maxk@qualcomm.com>
[    5.014844] PPP generic driver version 2.4.2
[    5.016436] ehci_hcd: USB 2.0 'Enhanced' Host Controller (EHCI) Driver
[    5.018479] ehci-pci: EHCI PCI platform driver
[    5.019694] ehci-platform: EHCI generic platform driver
[    5.021448] ohci_hcd: USB 1.1 'Open' Host Controller (OHCI) Driver
[   5.2387] ohci-pci: OHI PCI platform driver
[    5.163915] hc-patorm: OHCI gneicpltform driver
[    5.399169] uhci_hcd: USB Universal Host Controller Interface driver
[    5.401185] i8042: PNP: PS/2 Controller [PNP0303:PS2K,PNP0f03:PS2M] at 0x60,0x64 irq 1,12
[    5.404439] serio: i8042 KBD port at 0x60,0x64 irq 1
[    5.4060] serio: i8042 AUX port at 0x60,0x64 irq 12

[    5.468448] mousedev: PS/2 mouse device common for all mice
[    5.470804] input: AT Translated Set 2 keyboard as /devices/platform/i8042/serio0/input/input2
[    5.474215] rtc_cmos rtc_cmos: rtc core: registered rtc_cmos as rtc0
[    5.47648] tc_cmos rtccms:alarms up to one day, 114 bytes nvram
[   .6229]tsc: Refined TSC clocksource calibratin:1995.326 MHz

[    5.642212] clocksource: tsc: mask: 0xffffffffffffffff max_cycles: 0x3985ddbd69a, max_idle_ns: 881590484913 ns
[    5.850595] i2c /dev entries driver
[    5.851752] device-mapper: uevent: version 1.0.3
[    5.853098] device-mapper: ioctl: 4.34.0-ioctl (2015-10-28) initialised: dm-devel@redhat.com
[    5.855377] ledtrig-cpu: registered to indicate activity on CPUs
[    5.857550] NET: Registered protocol family 10
[    5.859056] NET: Registered protocol family 17
[    5.866593] Key type dns_resolver registered
[    5.872886] registered taskstats version 1
[    5.888801] Loading compiled-in X.509 certificates
[    5.896329] Loaded X.509 cert 'Build time autogenerated kernel key: a88b0f663ecfd40e6a501dee2f0b211d51902e35'
[    5.955867] zswap: loaded using pool lzo/zbud
[    5.973623] Key type trusted registered
[    6.000334] Key type encrypted registered
[    6.002923] AppArmor: AppArmor sha1 policy hashing enabled
[    6.031817] ima: No TPM chip found, activating TPM-bypass!
[    6.033654] ima: Allocated hash algorithm: sha1
[    6.038882] evm: HMAC attrs: 0x1
[    6.040469]   Magic number: 10:852:738
[    6.041882] rtc_cmos rtc_cmos: setting system clock to 2018-11-22 14:43:10 UTC (1542897790)
[    6.046526] BIOS EDD facility v0.16 2004-Jun-25, 0 devices found
[    6.048763] EDD information not available.
[    6.053722] Freeing unused kernel memory: 1528K
[    6.070994] Write protecting the kernel read-only data: 14336k
[    6.074162] Freeing unused kernel memory: 1664K
[    6.544417] Freeing unused kernel memory: 92K
Loading, please wait...
[    6.917996] random: systemd-udevd: uninitialized urandom read (16 bytes read, 7 bits of entropy available)
starting version 229
[    6.918954] random: udevadm: uninitialized urandom read (16 bytes read, 7 bits of entropy available)
[    6.918978] random: udevadm: uninitialized urandom read (16 bytes read, 7 bits of entropy available)
[    6.930724] random: udevadm: uninitialized urandom read (16 bytes read, 7 bits of entropy available)
[    6.930786] random: udevadm: uninitialized urandom read (16 bytes read, 7 bits of entropy available)
[    6.931007] random: udevadm: uninitialized urandom read (16 bytes read, 7 bits of entropy available)
[    6.931092] random: udevadm: uninitialized urandom read (16 bytes read, 7 bits of entropy available)
[    6.931161] random: udevadm: uninitialized urandom read (16 bytes read, 7 bits of entropy available)
[    6.931232] random: udevadm: uninitialized urandom read (16 bytes read, 7 bits of entropy available)
[    6.931298] random: udevadm: uninitialized urandom read (16 bytes read, 7 bits of entropy available)
[    7.053829] Fusion MPT base driver 3.04.20
[    7.055322] Copyright (c) 1999-2008 LSI Corporation
[    7.057120] e1000: Intel(R) PRO/1000 Network Driver - version 7.3.21-k8-NAPI
[    7.065832] e1000: Copyright (c) 1999-2006 Intel Corporation.
[    7.100183] Fusion MPT SPI Host driver 3.04.20
[    7.105543] AVX2 version of gcm_enc/dec engaged.
[    7.107170] AES CTR mode by8 optimization enabled
[    7.287513] input: ImExPS/2 Generic Explorer Mouse as /devices/platform/i8042/serio1/input/input4
[    7.514852] e1000 0000:00:03.0 eth0: (PCI:33MHz:32-bit) 02:b7:b4:ca:a2:df
[    7.516896] e1000 0000:00:03.0 eth0: Intel(R) PRO/1000 Network Connection
[    7.521004] e1000 0000:00:03.0 enp0s3: renamed from eth0
[    7.522887] mptbase: ioc0: Initiating bringup
[    7.711693] ioc0: LSI53C1030 A0: Capabilities={Initiator}
[    8.501899] scsi host2: ioc0: LSI53C1030 A0, FwRev=00000000h, Ports=1, MaxQ=256, IRQ=20
[    9.515560] scsi 2:0:0:0: Direct-Access     VBOX     HARDDISK         1.0  PQ: 0 ANSI: 5
[    9.523031] scsi target2:0:0: Beginning Domain Validation
[    9.536748] scsi target2:0:0: Domain Validation skipping write tests
[    9.541889] scsi target2:0:0: Ending Domain Validation
[    9.574162] scsi target2:0:0: asynchronous
[    9.578508] scsi 2:0:1:0: Direct-Access     VBOX     HARDDISK         1.0  PQ: 0 ANSI: 5
[    9.583138] scsi target2:0:1: Beginning Domain Validation
[    9.590532] scsi target2:0:1: Domain Validation skipping write tests
[    9.593859] scsi target2:0:1: Ending Domain Validation
[    9.597066] scsi target2:0:1: asynchronous
[    9.617372] sd 2:0:0:0: [sda] 20971520 512-byte logical blocks: (10.7 GB/10.0 GiB)
[    9.617624] sd 2:0:0:0: Attached scsi generic sg0 type 0
[    9.619599] sd 2:0:1:0: Attached scsi generic sg1 type 0
[    9.629612] sd 2:0:1:0: [sdb] 20480 512-byte logical blocks: (10.5 MB/10.0 MiB)
[    9.629993] sd 2:0:0:0: [sda] Write Protect is off
[    9.630297] sd 2:0:0:0: [sda] Incomplete mode parameter data
[    9.630300] sd 2:0:0:0: [sda] Assuming drive cache: write through
[    9.664135]  sda: sda1
[    9.665513] sd 2:0:0:0: [sda] Attached SCSI disk
[    9.804395] sd 2:0:1:0: [sdb] Write Protect is off
[    9.831471] sd 2:0:1:0: [sdb] Incomplete mode parameter data
[    9.870223] sd 2:0:1:0: [sdb] Assuming drive cache: write through
[    9.913212] sd 2:0:1:0: [sdb] Attached SCSI disk
Begin: Loading essential drivers ... [   11.579457] md: linear personality registered for level -1
[   11.585356] md: multipath personality registered for level -4
[   11.629926] md: raid0 personality registered for level 0
[   11.658725] md: raid1 personality registered for level 1
[   11.759362] raid6: sse2x1   gen()  6243 MB/s
[   11.834105] raid6: sse2x1   xor()  4198 MB/s
[   11.902911] raid6: sse2x2   gen()  7577 MB/s
[   11.970254] raid6: sse2x2   xor()  5058 MB/s
[   12.062106] raid6: sse2x4   gen()  8666 MB/s
[   12.146100] raid6: sse2x4   xor()  5920 MB/s
[   12.239022] raid6: avx2x1   gen() 10334 MB/s
[   12.306424] raid6: avx2x2   gen()  8424 MB/s
[   12.374742] raid6: avx2x4   gen() 11880 MB/s
[   12.375978] raid6: using algorithm avx2x4 gen() 11880 MB/s
[   12.377361] raid6: using avx2x2 recovery algorithm
[   12.380728] xor: automatically using best checksumming function:
[   12.422175]    avx       : 14252.000 MB/sec
[   12.426846] async_tx: api initialized (async)
[   12.446004] md: raid6 personality registered for level 6
[   12.447993] md: raid5 personality registered for level 5
[   12.449757] md: raid4 personality registered for level 4
[   12.461448] md: raid10 personality registered for level 10
done.
Begin: Running /scripts/init-premount ... done.
Begin: Mounting root file system ... Begin: Running /scripts/local-top ... done.
Begin: Running /scripts/local-premount ... [   12.517808] Btrfs loaded
Scanning for Btrfs filesystems
done.
Warning: fsck not present, so skipping root file system
[   12.603480] EXT4-fs (sda1): mounted filesystem with ordered data mode. Opts: (null)
done.
Begin: Running /scripts/local-bottom ... done.
Begin: Running /scripts/init-bottom ... done.
[   13.166931] random: nonblocking pool is initialized
[   13.396660] systemd[1]: systemd 229 running in system mode. (+PAM +AUDIT +SELINUX +IMA +APPARMOR +SMACK +SYSVINIT +UTMP +LIBCRYPTSETUP +GCRYPT +GNUTLS +ACL +XZ -LZ4 +SECCOMP +BLKID +ELFUTILS +KMOD -IDN)
[   13.420052] systemd[1]: Detected virtualization oracle.
[   13.425242] systemd[1]: Detected architecture x86-64.

Welcome to [1mUbuntu 16.04.5 LTS[0m!

[   13.477725] systemd[1]: Set hostname to <ubuntu>.
[   13.548185] systemd[1]: Initializing machine ID from random generator.
[   13.551019] systemd[1]: Installed transient /etc/machine-id file.
[   14.635407] sytemd[1: isenngonLV2 metadata daemon socket.
[[0;32m  OK  [0m] Listening on LVM2 metadata daemon socket.
[   14.886316] systemd[1]: Reached target User and Group Name Lookups.
[[0;32m  OK  [0m] Reached target User and Group Name Lookups.
[   14.899278] systemd[1]: Listening on LVM2 poll daemon socket.
[[0;32m  OK  [0m] Listening on LVM2 poll daemon socket.
[   14.902994] system[1: reated slice System Slice.
[[0;32m  OK  [0m] Created slice System Slice.
[  14.992904] systemd[1]: Listening on /dev/initctl Compatibility Named Pipe.
[[0;32m  OK  [0m] Listening on /dev/initctl Compatibility Named Pipe.
[   15.027756] systemd[1]: Reached target Encrypted Volumes.
[[0;32m  OK  [0m] Reached target Encrypted Volumes.
[   15.031714] systemd[1]: Listening on udev Control Socket.
[[0;32m  OK  [0m] Listening on udev Control Socket.
[   15.270617] systemd[1]: Listening on Journal Socket (/dev/log).
[[0;32m  OK  [0m] Listening on Journal Socket (/dev/log).
[   15.277195] systemd[1]: Created slice User and Session Slice.
[[0;32m  OK  [0m] Created slice User and Session Slice.
[   15.284614] systemd[1]: Reached target Slices.
[[0;32m  OK  [0m] Reached target Slices.
[   15.290367] systemd[1]: Set up automount Arbitrary Executable File Formats File System Automount Point.
[[0;32m  OK  [0m] Set up automount Arbitrary Executab...ats File System Automount Point.
[   15.298875] systemd[1]: Reached target System Time Synchronized.
[[0;32m  OK  [0m] Reached target System Time Synchronized.
[   15.305821] systemd[1]: Created slice system-serial\x2dgetty.slice.
[[0;32m  OK  [0m] Created slice system-serial\x2dgetty.slice.
[   15.313018] systemd[1]: Reached target Swap.
[[0;32m  OK  [0m] Reached target Swap.
[   15.539613] sstmd[1]: Listenin o Sslg Socket.
[[0;32m  OK  [0m] Listening on Syslog Socket.
[   15.758196] systemd[1]: Listening on Journal Audit Socket.
[[0;32m  OK  [0m] Listening on Journal Audit Socket.
[   15.761524] systemd[1]: Listening on Journal Socket.
[[0;32m  OK  [0m] Listening on Journal Socket.

[   15.774348] systemd[1]: Starting Set console keymap...
         Starting Set console keymap...
[   15.835051] systemd[1]: Starting Nameserver information manager...
         Starting Nameserver information manager...
[   15.855918] systemd[1]: Starting Journal Service...
         Starting Journal Service...
[   15.881210] systemd[1]: Mounting Huge Pages File System...
         Mounting Huge Pages File System...
[   15.892830] systemd[1]: Starting Create list of required static device nodes for the current kernel...
         Starting Create list of required st... nodes for the current kernel...
[   15.991627] systemd[1]: Starting Load Kernel Modules...
         Starting Load Kernel Modules...
[   16.012066] systemd[1]: Mounting POSIX Message Queue File System...
         Mounting POSIX Message Queue File System...
[   16.066715] systemd[1]: Started Trigger resolvconf update for networkd DNS.
[[0;32m  OK  [0m] Started Trigger resolvconf update for networkd DNS.
[   16.100720] systemd[1]: Listening on Device-mapper event daemon FIFOs.
[[0;32m  OK  [0m] Listening on Device-mapper event daemon FIFOs.
[   16.194428] systemd[1]: Starting Monitoring of LVM2 mirrors, snapshots etc. using dmeventd or progress polling...
         Starting Monitoring of LVM2 mirr[   16.206337] Loading iSCSI transport class v2.0-870.
ors... dmeventd or progress polling...
[   16.231559] systemd[1]: Started Forward Password Requests to Wall Directory Watch.
[[0;32m  OK  [0m] Started Forward Password Requests to Wall Directory Watch.
[   16.322885] systemd[1]: Mounting Debug File System...
         Mounting Debug File System...
[   16.329097] systemd[1]: Starting Remount Root and Kernel File Systems...
         Starting Remount Root and Kernel File Systems...
[   16.334194] systemd[1]: Listening on udev Kernel Socket.
[[0;32m  OK  [0m] Listening on udev Kernel Socket.
[   16.341645] systemd[1]: Starting Uncomplicated firewall...
         Starting Uncomplicated firewall...
[   16.381520] systemd[1]: Mounted POSIX Message Queue File System.
[[0;32m  OK  [0m] Mounted POSIX Message Queue File System.
[   16.388453] iscsi: registered transport (tcp)
[   16.391627] EXT4-fs (sda1): re-mounted. Opts: (null)
[   16.394426] systemd[1]: Mounted Huge Pages File System.
[[0;32m  OK  [0m] Mounted Huge Pages File System.
[   16.406926] systemd[1]: Mounted Debug File System.
[[0;32m  OK  [0m] Mounted Debug File System.
[   16.411457] systemd[1]: Started Journal Service.
[[0;32m  OK  [0m] Started Journal Service.
[[0;32m  OK  [0m] Started Set console keymap.
[[0;32m  OK  [0m] Started Create list of required sta...ce nodes for the current kernel.
[[0;32m  OK  [0m] Started Remount Root and Kernel File Systems.
[[0;32m  OK  [0m] Started Uncomplicated firewall.
[[0;32m  OK  [0[   16.553017] iscsi: registered transport (iser)
m] Started Nameserver information manager.
[[0;32m  OK  [0m] Started Load Kernel Modules.
[[0;32m  OK  [0m] Started LVM2 metadata daemon.
         Starting Apply Kernel Variables...
         Mounting FUSE Control File System...
         Starting udev Coldplug all Devices...
         Starting Load/Save Random Seed...
         Starting Create Static Device Nodes in /dev...
         Starting Flush Journal to Persistent Storage...
[[0;32m  OK  [0m] Mounted FUSE Control File System.
[[0;32m  OK  [0m] Started Load/Save Random Seed.
[   16.824576] systemd-journald[368]: Received request to flush runtime journal from PID 1
[[0;32m  OK  [0m] Started Apply Kernel Variables.
[[0;32m  OK  [0m] Started Flush Journal to Persistent Storage.
[[0;32m  OK  [0m] Started udev Coldplug all Devices.
[[0;32m  OK  [0m] Started Monitoring of LVM2 mirrors,...ng dmeventd or progress polling.
[[0;32m  OK  [0m] Started Create Static Device Nodes in /dev.
         Starting udev Kernel Device Manager...
[[0;32m  OK  [0m] Reached target Local File Systems (Pre).
[[0;32m  OK  [0m] Reached target Local File Systems.
         Starting Tell Plymouth To Write Out Runtime Data...
         Starting Commit a transient machine-id on disk...
         Starting Set console font and keymap...
         Starting LSB: AppArmor initialization...
         Starting Initial cloud-init job (pre-networking)...
         Starting Create Volatile Files and Directories...
[[0;32m  OK  [0m] Started Tell Plymouth To Write Out Runtime Data.
[[0;32m  OK  [0m] Started Commit a transient machine-id on disk.
[[0;32m  OK  [0m] Started Create Volatile Files and Directories.
         Starting Update UTMP about System Boot/Shutdown...
[[0;32m  OK  [0m] Started Update UTMP about System Boot/Shutdown.
[[0;32m  OK  [0m] Started udev Kernel Device Manager.
[[0;32m  OK  [0m] Started Dispatch Password Requests to Console Directory Watch.
[[0;32m  OK  [0m] Found device /dev/ttyS0.
[[0;32m  OK  [0m] Listening on Load/Save RF Kill Switch Status /dev/rfkill Watch.
[[0;32m  OK  [0m] Started LSB: AppArmor initialization.
[[0;32m  OK  [0m] Started Set console font and keymap.
[[0;32m  OK  [0m] Created slice system-getty.slice.
[   20.632271] cloud-init[465]: Cloud-init v. 18.4-0ubuntu1~16.04.2 running 'init-local' at Thu, 22 Nov 2018 14:43:27 +0000. Up 19.98 seconds.
[[0;32m  OK  [0m] Started Initial cloud-init job (pre-networking).
[[0;32m  OK  [0m] Reached target Network (Pre).
         Starting Raise network interfaces...
[[0;32m  OK  [0m] Started Raise network interfaces.
[[0;32m  OK  [0m] Reached target Network.
         Starting Initial cloud-init job (metadata service crawler)...
[   24.484847] cloud-init[927]: Cloud-init v. 18.4-0ubuntu1~16.04.2 running 'init' at Thu, 22 Nov 2018 14:43:29 +0000. Up 21.81 seconds.
[   24.494302] cloud-init[927]: ci-info: ++++++++++++++++++++++++++++++++++++++Net device info++++++++++++++++++++++++++++++++++++++
[   24.503229] cloud-init[927]: ci-info: +--------+------+----------------------------+---------------+--------+-------------------+
[   24.511568] cloud-init[927]: ci-info: | Device |  Up  |          Address           |      Mask     | Scope  |     Hw-Address    |
[   24.518783] cloud-init[927]: ci-info: +--------+------+----------------------------+---------------+--------+-------------------+
[   24.524624] cloud-init[927]: ci-info: | enp0s3 | True |         10.0.2.15          | 255.255.255.0 | global | 02:b7:b4:ca:a2:df |
[   24.530570] cloud-init[927]: ci-info: | enp0s3 | True | fe80::b7:b4ff:feca:a2df/64 |       .       |  link  | 02:b7:b4:ca:a2:df |
[   24.535800] cloud-init[927]: ci-info: |   lo   | True |         127.0.0.1          |   255.0.0.0   |  host  |         .         |
[   24.540013] cloud-init[927]: ci-info: |   lo   | True |          ::1/128           |       .       |  host  |         .         |
[   24.543813] cloud-init[927]: ci-info: +--------+------+----------------------------+---------------+--------+-------------------+
[   24.547611] cloud-init[927]: ci-info: +++++++++++++++++++++++++++Route IPv4 info++++++++++++++++++++++++++++
[   24.551182] cloud-init[927]: ci-info: +-------+-------------+----------+---------------+-----------+-------+
[   24.554719] cloud-init[927]: ci-info: | Route | Destination | Gateway  |    Genmask    | Interface | Flags |
[   24.558195] cloud-init[927]: ci-info: +-------+-------------+----------+---------------+-----------+-------+[[0;32m  OK  [0m] Started Initial cloud-init job (metadata service crawler).
[[0;32m  OK  [0m] Reached target Cloud-config availability.
[[0;32m  OK  [0m] Reached target System Initialization.
[[0;32m  OK  [0m] Listening on ACPID Listen Socket.

[   24.584839] [[0;32m  OK  [0m] Started ACPI Events Check.
[[0;32m  OK  [0m] Reached target Paths.
[[0;32m  OK  [0m] Listening on UUID daemon activation socket.
[[0;32m  OK  [0m] Listening on D-Bus System Message Bus Socket.
[[0;32m  OK  [0m] Started Daily apt download activities.
[[0;32m  OK  [0m] Started Daily apt upgrade and clean activities.
[[0;32m  OK  [0m] Started Daily Cleanup of Temporary Directories.
         Starting Socket activation for snappy daemon.
[[0;32m  OK  [0m] Reached target Timers.
cloud-init[927]: ci-info: |   0   |   0.0.0.0   | 10.0.2.2 |    0.0.0.0    |   enp0s3  |   UG  |
[   24.599982] cloud-init[927]: ci-info: |   1   |   10.0.2.0  | 0.0.0.0  | 255.255.255.0 |   enp0s3  |   U   |
[   24.606212] cloud-init[927]: ci-info: +-------+-------------+----------+---------------+-----------+-------+
[   24.612605] cloud-init[927]: ci-info: +++++++++++++++++++Route IPv6 info+++++++++++++++++++
[   24.644459] cloud-init[927]: ci-info: +-------+-------------+---------+-----------+-------+
[   24.647081] cloud-init[927]: ci-info: | Route | Destination | Gateway | Interface | Flags |
         Starting LXD - unix socket.
[[0;32m  OK  [0m] Reached target Network is Online.
[   24.655443] cloud-init[927]: ci-info: +-------+-------------+---------+-----------+-------+
[   24.692963] cloud-init[927]: ci-info: |   0   |  fe80::/64  |    ::   |   enp0s3  |   U   |
         Starting iSCSI initiator daemon (iscsid)...
[[0;32m  OK  [0m] Listening on Socket activation for snappy daemon.
[[0;32m  OK  [0m] Listening on LXD - unix socket.
[   24.723282] cloud-init[927]: ci-info: |   3   |   ff00::/8  |    ::   |   enp0s3  |   U   |
[   24.845247] cloud-init[927]: ci-info: +-------+-------------+---------+-----------+-------+
[   24.851893] cloud-init[927]: Generating public/private rsa key pair.
[   24.857034] cloud-init[927]: Your identification has been saved in /etc/ssh/ssh_host_rsa_key.
[   24.863185] cloud-init[927]: Your public key has been saved in /etc/ssh/ssh_host_rsa_key.pub.
[[0;32m  OK  [0m] Reached target Sockets.
[   24.868778] [[0;32m  OK  [0m] Reached target Basic System.
cloud-init[927]: The key fingerprint is:
[   24.895851]          Starting Accounts Service...
cloud-init         Starting LSB: MD monitoring daemon...
         Starting Virtualbox guest utils...
         Starting LXD - container startup/shutdown...
[[0;32m  OK  [0m] Started D-Bus System Message Bus.
[927]: SHA256:fKGV6+qWC7Oem+h6TxC4PlALtfY8PlwDhesgcHwiJNs root@ubuntu-xenial
[   24.908799] cloud-init[927]: The key's randomart image is:
[   24.924921] cloud-init[927]: +---[RSA 2048]----+
[   24.928415] cloud-init[927]: |oo.  ..          |
[   24.960610] cloud-init[927]: |+++oo.     .     |
[   24.974110] cloud-init[927]: |+oEoo.    +      |
[   24.985777] cloud-init[927]: |.+.=.o . o o     |
[   24.998893] cloud-init[927]: |..oo= o S o      |
[   25.002384] cloud-init[927]: | o o.+ . o       |
[   25.032467] cloud-init[927]: |  o + +  ..      |
[   25.068047] cloud-init[927]: |   ..+ *o.       |
[   25.076190] cloud-init[927]: |  .+ooB++.       |
[   25.083344] cloud-init[927]: +----[SHA256]-----+
[   25.096857] cloud-init[927]: Generating public/private dsa key pair.
[   25.104696] cloud-init[927]: Your identification has been saved in /etc/ssh/ssh_host_dsa_key.
[   25.115803] cloud-init[927]: Your public key has been saved in /etc/ssh/ssh_host_dsa_key.pub.
[   25.129143] cloud-init[927]: The key fingerprint is:
[   25.135170] cloud-init[927]: SHA256:XkN7zMYAqBRIPhO0g3EbMOucQq21Xde6lNG4v9GVbi4 root@ubuntu-xenial
[   25.193816] cloud-init[927]: The key's randomart image is:
[   25.211885] cloud-init[927]: +---[DSA 1024]----+
[   25.245358] cloud-init[927]: |++*... ..        |
[   25.258117] cloud-init[927]: | Bo=. .  .+      |
[   25.262448] cloud-init[927]: |o.B+ . . +oo     |
[   25.272028] cloud-init[927]: |+ +++ . ..=*    .|
[   25.276741] cloud-init[927]: |.= . .  S=+ *  o |
[   25.297483] cloud-init[927]: |.      ...o+. o  |
[   25.317435] cloud-init[927]: |        .. o . o |
[   25.333449] cloud-init[927]: |            oEo  |
[   25.345267] cloud-init[927]: |           .  .. |
[   25.365998] cloud-init[927]: +----[SHA256]-----+
[   25.370709] cloud-init[927]: Generating public/private ecdsa key pair.
[   25.392930] cloud-init[927]: Your identification has been saved in /etc/ssh/ssh_host_ecdsa_key.
[   25.409261] cloud-init[927]: Your public key has been saved in /etc/ssh/ssh_host_ecdsa_key.pub.
[   25.437023] cloud-init[927]: The key fingerprint is:
[   25.460855] cloud-init[927]: SHA256:9Fhq5Cb2o42njyeEmmleFjWWnT6zLN1snbR0EovD1no root@ubuntu-xenial
[   25.504881] cloud-init[927]: The key's randomart image is:
[   25.526050] [[0;32m  OK  [0m] Started FUSE filesystem for LXC.
         Starting System Logging Service...
cloud-init[927]: +---[ECDSA 256]---+
[   25.552802] cloud-init[927]: |                 |
[   25.584808] [[0;32m  OK  [0m] Started Regular background program processing daemon.
cloud-init[927]: |       o .       |
[   25.612394]          Starting Snappy daemon...
[[0;32m  OK  [0m] Started Unattended Upgrades Shutdown.
cloud-init[927]: |      = = . .    |
[   25.632925] cloud-init[927]: |     o * * o o   |
[   25.638837] cloud-init[927]: |    ..o S * * .  |
[   25.644614] cloud-init[927]: |    .o.B B * =   |
[   25.662423] cloud-init[927]: |   +o.. * = E    |
[   25.668971]          Starting Pollinate to seed the pseudo random number generator...
cloud-init[[0;32m  OK  [0m] Started Deferred execution scheduler.
[927]: |  =o  .*oo .     |
[   25.706013]          Starting LSB: Record successful boot for GRUB...
cloud-init[927]: | o.   =*o        |
[   25.713091] cloud-init[927]: +----[SHA256]-----+
[   25.716467] cloud-init[927]: Generating public/private ed25519 key pair.
[   25.730690] cloud-init[927]: Your identification has been saved in /etc/ssh/ssh_host_ed25519_key.
         Starting /etc/rc.local Compatibility...
[   25.732166] cloud-init[927]: Your public key has been saved in /etc/ssh/ssh_host_ed25519_key.pub.
[   25.773836]          Starting Login Service...
cloud-init[927]: The key fingerprint is:
[   25.784714] cloud-init[927]: SHA256:TFHEBjqaVxYSk4xEt6Si2r8jpq9rqxZPG74n0K5M/Us root@ubuntu-xenial
[   25.789366] cloud-init[927]: The key's randomart image is:
[   25.793189] cloud-init[927]: +--[ED25519 256]--+
[   25.796928] cloud-init[927]: |   ooo*o+=o      |
[   25.800530] cloud-init[927]: |    .+o= oo      |
[   25.806582] cloud-init[927]: |  . . + +.       |
[   25.810091] cloud-init[927]: | . . o *         |
[   25.813865] cloud-init[927]: |. . o . S        |
[   25.819283] cloud-init[927]: |.+.+ .           |
[   25.823639] cloud-init[927]: |..O.oE           |
[[0;32m  OK  [0m] Started ACPI event daemon.
[   25.827738] cloud-init[927]: |oooB+.           |
[[0;32m  OK  [0m] Started iSCSI initiator daemon (iscsid).
[[0;32m  OK  [0m] Started /etc/rc.local Compatibility.
[   25.839435] cloud-init[927]: |OX+o*=.          |
[   25.872567] cloud-init[927]: +----[SHA256]-----+
         Starting Login to default iSCSI targets...
[[0;32m  OK  [0m] Started Login Service.
[[0;32m  OK  [0m] Started LSB: MD monitoring daemon.
[[0;32m  OK  [0m] Started LSB: Record successful boot for GRUB.
[[0;32m  OK  [0m] Started System Logging Service.
         Starting Authenticate and Authorize Users to Run Privileged Tasks...
[[0;32m  OK  [0m] Started Login to default iSCSI targets.
[[0;32m  OK  [0m] Reached target Remote File Systems (Pre).
[[0;32m  OK  [0m] Reached target Remote File Systems.
         Starting LSB: daemon to balance interrupts for SMP systems...
         Starting LSB: Set the CPU Frequency Scaling governor to "ondemand"...
         Starting LSB: automatic crash report generation...
         Starting Permit User Sessions...
[[0;32m  OK  [0m] Started LSB: Set the CPU Frequency Scaling governor to "ondemand".
[[0;32m  OK  [0m] Started Permit User Sessions.
         Starting Hold until boot process finishes up...
         Starting Terminate Plymouth Boot Screen...
[[0;32m  OK  [0m] Started Hold until boot process finishes up.
[[0;32m  OK  [0m] Started Terminate Plymouth Boot Screen.
[[0;32m  OK  [0m] Started Virtualbox guest utils.
         Starting Set console scheme...
[[0;32m  OK  [0m] Started Getty on tty1.
[[0;32m  OK  [0m] Started Serial Getty on ttyS0.
[[0;32m  OK  [0m] Reached target Login Prompts.
[[0;32m  OK  [0m] Started LSB: daemon to balance interrupts for SMP systems.
[[0;32m  OK  [0m] Started Set console scheme.
[[0;32m  OK  [0m] Started LSB: automatic crash report generation.
[[0;32m  OK  [0m] Started Authenticate and Authorize Users to Run Privileged Tasks.
[[0;32m  OK  [0m] Started Accounts Service.
[[0;32m  OK  [0m] Started LXD - container startup/shutdown.
[[0;32m  OK  [0m] Started Pollinate to seed the pseudo random number generator.
         Starting OpenBSD Secure Shell server...
[[0;32m  OK  [0m] Started Snappy daemon.
         Starting Wait until snapd is fully seeded...
[[0;32m  OK  [0m] Started OpenBSD Secure Shell server.
[[0;32m  OK  [0m] Started Wait until snapd is fully seeded.
         Starting Apply the settings specified in cloud-config...
[[0;32m  OK  [0m] Reached target Multi-User System.
[[0;32m  OK  [0m] Reached target Graphical Interface.
         Starting Update UTMP about System Runlevel Changes...
[[0;32m  OK  [0m] Started Update UTMP about System Runlevel Changes.
[[0;32m  OK  [0m] Created slice User Slice of vagrant.
         Starting User Manager for UID 1000...
[[0;32m  OK  [0m] Started Session 1 of user vagrant.
[[0;32m  OK  [0m] Started User Manager for UID 1000.
[   32.899926] cloud-init[1264]: Generating locales (this might take a while)...

Ubuntu 16.04.5 LTS ubuntu-xenial ttyS0

ubuntu-xenial login: [   36.115774] cloud-init[1264]:   en_US.UTF-8... done
[   36.120144] cloud-init[1264]: Generation complete.
[   37.998204] cloud-init[1264]: Cloud-init v. 18.4-0ubuntu1~16.04.2 running 'modules:config' at Thu, 22 Nov 2018 14:43:39 +0000. Up 32.07 seconds.
ci-info: no authorized ssh keys fingerprints found for user ubuntu.
<14>Nov 22 14:43:46 ec2: 
<14>Nov 22 14:43:46 ec2: #############################################################
<14>Nov 22 14:43:46 ec2: -----BEGIN SSH HOST KEY FINGERPRINTS-----
<14>Nov 22 14:43:46 ec2: 1024 SHA256:XkN7zMYAqBRIPhO0g3EbMOucQq21Xde6lNG4v9GVbi4 root@ubuntu-xenial (DSA)
<14>Nov 22 14:43:46 ec2: 256 SHA256:9Fhq5Cb2o42njyeEmmleFjWWnT6zLN1snbR0EovD1no root@ubuntu-xenial (ECDSA)
<14>Nov 22 14:43:46 ec2: 256 SHA256:TFHEBjqaVxYSk4xEt6Si2r8jpq9rqxZPG74n0K5M/Us root@ubuntu-xenial (ED25519)
<14>Nov 22 14:43:46 ec2: 2048 SHA256:fKGV6+qWC7Oem+h6TxC4PlALtfY8PlwDhesgcHwiJNs root@ubuntu-xenial (RSA)
<14>Nov 22 14:43:46 ec2: -----END SSH HOST KEY FINGERPRINTS-----
<14>Nov 22 14:43:46 ec2: #############################################################
-----BEGIN SSH HOST KEY KEYS-----
ecdsa-sha2-nistp256 AAAAE2VjZHNhLXNoYTItbmlzdHAyNTYAAAAIbmlzdHAyNTYAAABBBAp6zgs8gIaWhYJADE8jYxYRDKnVLMlWwPc6kQM24G/7LaCgG9sN7MQs5QAnn8Mi54cWgUUQPSK9IqxRvdzVYdU= root@ubuntu-xenial
ssh-ed25519 AAAAC3NzaC1lZDI1NTE5AAAAIPN74bdL3lHBdPQtNgWezFK7vDNRu5D6KaoexbYL4dqh root@ubuntu-xenial
ssh-rsa AAAAB3NzaC1yc2EAAAADAQABAAABAQC7j+NEPMLtDfDi+pX2+vObwuw1lhpbotXtJFhZPM9BgUxIgpaJSBx91NsrWtaRYx5DrmRk2SCp3lLUa0IXzwIROWP94XU6DBarsKaPvbAyepEHPoDyjouH3m9o7L2wroxkBLpcWieew0hmV1ouGT+AH6kRZghdwKtnOhatB23BQEMpBJqY10NK5Eq7SJCBLXVn7BxWE1Tv4rrvqfvMkDu6CmIV51CnizHRRb2T4js4oPEUF+OmNtFLa5RogcwBeVSaJyxoNsMcsJl5FMMenbFuDpzPgdDRzYsQ0ZJ33c7vCBYpou6tWjfLUfCzK6a0yPR2LQNYG49CesNS1hTNmm6l root@ubuntu-xenial
-----END SSH HOST KEY KEYS-----
[   38.737225] cloud-init[1523]: Cloud-init v. 18.4-0ubuntu1~16.04.2 running 'modules:final' at Thu, 22 Nov 2018 14:43:46 +0000. Up 38.50 seconds.
[   38.737489] cloud-init[1523]: ci-info: no authorized ssh keys fingerprints found for user ubuntu.
[   38.737644] cloud-init[1523]: Cloud-init v. 18.4-0ubuntu1~16.04.2 finished at Thu, 22 Nov 2018 14:43:46 +0000. Datasource DataSourceNoCloud [seed=/dev/sdb][dsmode=net].  Up 38.72 seconds
[[0;32m  OK  [0m] Stopped target Cloud-init target.
         Stopping ACPI event daemon...
         Stopping Session 3 of user vagrant.
[[0;32m  OK  [0m] Closed Load/Save RF Kill Switch Status /dev/rfkill Watch.
[[0;32m  OK  [0m] Stopped target Timers.
[[0;32m  OK  [0m] Stopped Daily apt upgrade and clean activities.
[[0;32m  OK  [0m] Stopped target Graphical Interface.
         Stopping Accounts Service...
[[0;32m  OK  [0m] Stopped Daily Cleanup of Temporary Directories.
[[0;32m  OK  [0m] Stopped Execute cloud user/final scrip.         Stopping LSB: daemon to balance interrupts for SMP systems...
         Stopping D-Bus System Message Bus...
[[0;32m  OK  [0m] Stopped target Cloud-config availability.
         Stopping Getty on tty1...
[[0;32m  OK  [0m] Unmounted /var/lib/lxcfs.
[[0;32m  OK  [0m] Stopped Accounts Service.
[[0;32m  OK  [0m] Stopped System Logging Service.
[[0;32m  OK  [0m] Stopped Regular background program processing daemon.
[[0;32m  OK  [0m] Stopped Snappy daemon.
[[0;32m  OK  [0m] Stopped Deferred execution scheduler.
[[0;32m  OK  [0m] Stopped ACPI event daemon.
[[0;32m  OK  [0m] Stopped Authenticate and Authorize Users to Run Privileged Tasks.
[[0;32m  OK  [0m] Stopped Getty on tty1.
[[0;32m  OK  [0m] Stopped Serial Getty on ttyS0.
[[0;32m  OK  [0m] Stopped OpenBSD Secure Shell server.
[[0;32m  OK  [0m] Stopped User Manager for UID 1000.
[[0;32m  OK  [0m] Stopped Session 3 of user vagrant.
[[0;32m  OK  [0m] Stopped D-Bus System Message Bus.
[[0;32m  OK  [0m] Stopped FUSE filesystem for LXC.
[[0;32m  OK  [0m] Stopped LSB: Record successful boot for GRUB.
[[0;32m  OK  [0m] Stopped LSB: Set the CPU Frequency Scaling governor to "ondemand".
[[0;32m  OK  [0m] Stopped LXD - container startup/shutdown.
[[0;32m  OK  [0m] Removed slice User Slice of vagrant.
         Stopping Login Service...
[[0;32m  OK  [0m] Removed slice system-serial\x2dgetty.slice.
         Stopping Permit User Sessions...
[[0;32m  OK  [0m] Stopped /etc/rc.local Compatibility.
[[0;32m  OK  [0m] Removed slice system-getty.slice.
[[0;32m  OK  [0m] Stopped LSB: automatic crash report generation.
[[0;32m  OK  [0m] Stopped Unattended Upgrades Shutdown.
[[0;32m  OK  [0m] Stopped Login Service.
[[0;32m  OK  [0m] Stopped Permit User Sessions.
[[0;32m  OK  [0m] Stopped LSB: MD monitoring daemon.
[[0;32m  OK  [0m] Stopped Virtualbox guest utils.
[[0;32m  OK  [0m] Stopped LSB: daemon to balance interrupts for SMP systems.
[[0;32m  OK  [0m] Stopped target User and Group Name Lookups.
[[0;32m  OK  [0m] Stopped LSB: Apache2 web server.
[[0;32m  OK  [0m] Stopped target Remote File Systems.
[[0;32m  OK  [0m] Stopped target Remote File Systems (Pre).
         Stopping Login to default iSCSI targets...
[[0;32m  OK  [0m] Stopped MySQL Community Server.
[[0;32m  OK  [0m] Stopped target Basic System.
[[0;32m  OK  [0m] Stopped target Slices.
[[0;32m  OK  [0m] Removed slice User and Session Slice.
[[0;32m  OK  [0m] Stopped target Sockets.
[[0;32m  OK  [0m] Closed Syslog Socket.
[[0;32m  OK  [0m] Closed LXD - unix socket.
[[0;32m  OK  [0m] Closed ACPID Listen Socket.
[[0;32m  OK  [0m] Closed UUID daemon activation socket.
[[0;32m  OK  [0m] Closed Socket activation for snappy daemon.
[[0;32m  OK  [0m] Closed D-Bus System Message Bus Socket.
[[0;32m  OK  [0m] Stopped target Paths.
[[0;32m  OK  [0m] Stopped ACPI Events Check.
[[0;32m  OK  [0m] Stopped Forward Password Requests to Wall Directory Watch.
[[0;32m  OK  [0m] Stopped Dispatch Password Requests to Console Directory Watch.
[[0;32m  OK  [0m] Stopped target System Initialization.
[[0;32m  OK  [0m] Stopped Commit a transient machine-id on disk.
         Stopping Update UTMP about System Boot/Shutdown...
[[0;32m  OK  [0m] Stopped target Encrypted Volumes.
[[0;32m  OK  [0m] Stopped target Swap.
         Stopping Load/Save Random Seed...
[[0;32m  OK  [0m] Stopped Update UTMP about System Boot/Shutdown.
[[0;32m  OK  [0m] Stopped Load/Save Random Seed.
[[0;32m  OK  [0m] Stopped Create Volatile Files and Directories.
[[0;32m  OK  [0m] Stopped Login to default iSCSI targets.
         Stopping iSCSI initiator daemon (iscsid)...
[[0;32m  OK  [0m] Stopped iSCSI initiator daemon (iscsid).
[[0;32m  OK  [0m] Stopped target Network is Online.
[[0;32m  OK  [0m] Stopped target Network.
[[0;32m  OK  [0m] Stopped Initial cloud-init job (metadata service crawler).
         Stopping Raise network interfaces...
[[0;32m  OK  [0m] Stopped Raise network interfaces.
[[0;32m  OK  [0m] Stopped Apply Kernel Variables.
[[0;32m  OK  [0m] Stopped target Network (Pre).
[[0;32m  OK  [0m] Stopped Initial cloud-init job (pre-networking).
[[0;32m  OK  [0m] Stopped target Local File Systems.
         Unmounting /run/user/1000...
         Unmounting /var/www/html...
         Unmounting /vagrant...
[[0;32m  OK  [0m] Stopped Load Kernel Modules.
[[0;32m  OK  [0m] Unmounted /run/user/1000.
[[0;32m  OK  [0m] Unmounted /var/www/html.
[[0;32m  OK  [0m] Unmounted /vagrant.
[[0;32m  OK  [0m] Reached target Unmount All Filesystems.
[[0;32m  OK  [0m] Stopped target Local File Systems (Pre).
[[0;32m  OK  [0m] Stopped Create Static Device Nodes in /dev.
[[0;32m  OK  [0m] Stopped Remount Root and Kernel File Systems.
[[0;32m  OK  [0m] Reached target Shutdown.
[  837.584728] reboot: Power down
