[    0.000000] Initializing cgroup subsys cpuset
[    0.000000] Initializing cgroup subsys cpu
[    0.000000] Initializing cgroup subsys cpuacct
[    0.000000] Linux version 4.4.0-139-generic (buildd@lcy01-amd64-006) (gcc version 5.4.0 20160609 (Ubuntu 5.4.0-6ubuntu1~16.04.10) ) #165-Ubuntu SMP Wed Oct 24 10:58:50 UTC 2018 (Ubuntu 4.4.0-139.165-generic 4.4.160)
[    0.000000] Command line: BOOT_IMAGE=/boot/vmlinuz-4.4.0-139-generic root=LABEL=cloudimg-rootfs ro console=tty1 console=ttyS0
[    0.000000] KERNEL supported cpus:
[    0.00000]   Intel GenuineIntel
[    0.000000]   AMD AuthenticAMD
[    0.000000]   Centaur CentaurHauls
[    0.000000] x86/fpu: xstate_offset[2]:  576, xstate_sizes[2]:  256
[    0.000000] x86/fpu: Supporting XSAVE feature 0x01: 'x87 floating point registers'
[    0.000000] x86/fpu: Supporting XSAVE feature 0x02: 'SSE registers'
[    0.000000] x86/fpu: Supporting XSAVE feature 0x04: 'AVX registers'
[    0.000000]x86/fpu: Enabled xstate features 0x7, context size is 832 bytes, using 'standard' format.
[    0.000000] e820: BIOS-provided physical RAM map:
[    0.000000] BIOS-e820: [mem 0x0000000000000000-0x000000000009fbff] usable
[    0.000000] BIOS-e820: [mem 0x000000000009fc00-0x000000000009ffff] reserved
[    0.000000] BIOS-e820: [mem 0x00000000000f0000-0x00000000000fffff] reserved
[    0.000000] BIOS-e820: [mem 0x0000000000100000-0x000000003ffeffff] usable
[    0.000000] BIOS-e820: [mem 0x000000003fff0000-0x000000003fffffff] ACPI data
[    0.000000] BIOS-e820: [mem 0x00000000fec00000-0x00000000fec00fff] reserved
[    0.000000] BIOS-e820: [mem 0x00000000fee00000-0x00000000fee00fff] reserved
[    0.000000] BIOS-e820: [mem 0x00000000fffc0000-0x00000000ffffffff] reserved
[    0.000000] NX (Execute Disable) protection: active
[    0.000000] SMBIOS 2.5 present.
[    0.000000] Hypervisor detected: KVM
[    0.000000] e820: last_pfn = 0x3fff0 max_arch_pfn = 0x400000000
[    0.000000] MTRR: Disabled
[    0.000000] x86/PAT: MTRRs disabled, skipping PAT initialization too.
[    0.000000] CPU MTRRs all blank - virtualized system.
[    0.000000] x86/PAT: Configuration [0-7]: WB  WT  UC- UC  WB  WT  UC- UC  
[    0.000000] found SMP MP-table at [mem 0x0009fff0-0x0009ffff] mapped at [ffff88000009fff0]
[    0.000000] Scanning 1 areas for low memory corruption
[    0.000000] RAMDISK: [mem 0x36308000-0x3717bfff]
[    0.000000] ACPI: Early table checksum verification disabled
[    0.000000] ACPI: RSDP 0x00000000000E0000 000024 (v02 VBOX  )
[    0.000000] ACPI: XSDT 0x000000003FFF0030 00003C (v01 VBOX   VBOXXSDT 00000001 ASL  00000061)
[    0.000000] ACPI: FACP 0x00000003FFF00F0 0000F4 (v04 VBOX   VBOXFACP 00000001 ASL  00000061)
[    0.000000] ACPI: DSDT 0x000000003FF0470 0021FF (v02 VBOX   VBOXBIOS 00000002 INTL 20100528)
[    0.000000] ACPI: FACS 0x000000003FFF0200 000040
[    0.000000] ACPI: FACS 0x000000003FFF0200 000040
[    0.000000] ACPI: APIC 0x000000003FFF0240 00005C (v02 VBOX   VBOXAPIC 00000001 ASL  00000061)
    0.000000] ACPI: SSDT 0x000000003FFF02A0 0001CC (v01 VBOX   VBOXCPUT 00000002 INTL 20100528)
[    0.000000] No NUMA configuration found
[    0.000000] Faking a node at [mem 0x0000000000000000-0x000000003ffeffff]
[    0.000000] NODE_DATA(0) allocated [mem 0x3ffeb000-0x3ffeffff]
[    0.000000] kvm-clock: Using msrs 4b564d01 and 4b564d00
[    0.000000] kvm-clock: cpu 0, msr 0:3ffe3001, primary cpu clock
[    0.000000] kvm-clock: using sched offset of 5074180574 cyes
[    0.000000] clocksource: kvm-clock: mask: 0xffffffffffffffff max_cycles: 0x1cd42e4dffb, max_idle_ns: 881590591483 ns
[    0.000000] Zone ranges:
[    0.000000]   DMA      [mem 0x0000000000001000-0x0000000000ffffff]
[    0.000000]   DMA32    [mem 0x0000000001000000-0x000000003ffeffff]
[    0.000000]   Normal   empty
[    0.000000]   Device   empty
[    0.000000] Movable zone start for each node
[    0.000000] Early memory node ranges
[    0.000000]   node   0: [mem 0x0000000000001000-0x000000000009efff]
[    0.000000]   node   0: [mem 0x0000000000100000-0x00000003ffeffff]
[    0.000000] Initmem setup node 0 [mem 0x0000000000001000-0x000000003ffeffff]
[    0.000000] ACPI: PM-Timer IO Port: 0x4008
[    0.000000] IOAPIC[0]: apic_id 2, version 32, address 0xfec00000, GSI 0-23
[    0.000000] ACPI: INT_SRC_OVR (bus 0 bus_irq 0 global_irq 2 dfl dfl)
[    0.000000] ACPI: INT_SRC_OVR (bus 0 bus_irq 9 global_irq 9 low level)
[    0.000000] Using ACPI (MADT) for SMP configuration information
[    0.000000] smpboot: lowing 2 CPUs, 0 hotplug CPUs
[    0.000000] PM: Registered nosave memory: [mem 0x00000000-0x00000fff]
[    0.000000] PM: Registered nosave memory: [mem 0x0009f000-0x0009ffff]
[    0.000000] PM: Registered nosave memory: [mem 0x000a0000-0x000effff]
[    0.000000] PM: RRegistered nosave memory: [mem 0x000f0000-0x000fffff]
[    0.000000] e820: [mem 0x40000000-0xfebfffff] available for PCI devices
[    0.000000] Booting paravirtualized kernel o KVM
[    0.000000] clocksource: refined-jiffies: mask: 0xffffffff max_cycles: 0xffffffff, max_idle_ns: 7645519600211568 ns
[    0.000000] setup_percpu: NR_CPUS:512 nr_cpumask_bits:512 nr_cpu_ids:2 nr_node_ids:1
[    0.000000] PERCPU: Embedded 34 pages/cpu @ffff88003fc00000 s99608 r8192 d31464 u1048576
[    0.000000] PV qspinlock hash table entries: 256 (order: 0, 4096 bytes)
[    0.000000] Built 1 zonelists in Node order, mobility grouping on.  Total pages: 257912
[    0.000000] Policy zone: DMA32
[    0.000000] Kernel command line: BOOT_IMAGE=/boot/vmlinuz-4.4.0-139-generic root=LABEL=cloudimg-rootfs ro console=tty1 console=ttyS0
[    0.000000] PID hash table entries: 4096 (order: 3, 32768 bytes)
[    0.000000] Memory: 997704K/1048120K available (8564K kernel code, 314K rwdata, 4004K rodata, 1528K init, 1316K bss, 5041 reserved, 0K cma-reserved)
[    0.000000] SLUB: HWalign=64, Order=0-3, MinObjects=0, CPUs=2, Nodes=1
[    0.000000] Kernel/User page tables isolation: enabled
[    0.000000] HierarchicaRCU implementation.
[    0.000000] 	Build-time adjustment of leaf fanout to 64.
[    0.000000] 	RCU restricting CPUs from NR_CPUS=512 to nr_cpu_ids=2.
[    0.000000] RCU: Adjusting geometry for rcu_fanout_leaf=64, nr_cpu_ids=2
[    0.000000] NR_IRQS:33024 nr_irqs:440 16
[    0.000000] Console: colour VGA+ 80x25
[    0.000000] console [tty1] enabled
[    0.000000] console [ttyS0] enabled
[    0.000000] tsc: Detected 1995.384 MHz processor
[    0.818388] Calibrating delay loop (skipped) preset value.. 3990.76 BogoMIPS (lpj=7981536)
[    0.821249] pid_max: default: 32768 minimum: 301
[    0.822722] ACPI: Core revision 20150930
[    0.825661] ACPI: 2 ACPI AML tables successfully acquired and loaded
[    0.831993] Security Framework initialized
[    0.833484] Yama: becoming mindful.
[    0.834806] AppArmor: AppArmor initialized
[    0.836339] Dentry cache hash table entries: 131072 (order: 8, 1048576 bytes)
[    0.846121] Inode-cache hash table entries: 65536 (order: 7, 524288 bytes)
[    0.855639] Mount-cache hash table entries: 2048 (order: 2, 16384 bytes)
[    0.862494] Mountpoint-cache hash table entries: 2048 (order: 2, 16384 bytes)
[    0.869016] Initializing cgroup subsys io
[    0.870490] Initializing cgroup subsys memory
[    0.871947] Initializing cgroup subsys devices
[    0.873566] Initializing cgroup subsys freezer
[    0.879932] Initializing cgroup subsys net_cls
[    0.888212] Initializing cgroup subsys perf_event
[    0.889673] Initializing cgroup subsys net_prio
[    0.898828] Initializing cgroup subsys hugetlb
[    0.907752] Initializing cgroup subsys pids
[    0.910574] mce: CPU supports 0 MCE banks
[    0.919230] Last level iTLB entries: 4KB 64, 2MB 8, 4MB 8
[    0.920965] Last level dTLB entries: 4KB 64, 2MB 0, 4MB 0, 1GB 4
[    0.922787] Spectre V2 : Mitigation: Full generic retpoline
[    0.924605] Spectre V2 : Spectre v2 mitigation: Speculation control IBPB not-supported IBRS not-supported
[    0.935671] Spectre V2 : Spectre v2 / SpectreRSB mitigation: Filling RSB on context switch
[    0.939674] Speculative Store Bypass: Vulnerable
[    0.945907] Freeing SMP alternatives memory: 32K
[    0.961484] ftrace: allocating 32278 entries in 127 pages
[    1.068525] smpboot: APIC(0) Converting physical 0 to logical package 0
[    1.071576] smpboot: Max logical packages: 1
[    1.073791] x2apic enabled
[    1.075259] Switched APIC routing to physical x2apic.
[    1.078463] ..TIMER: vector=0x30 apic1=0 pin1=2 apic2=-1 pin2=-1
[    1.185164] smpboot: CPU0: Intel(R) Core(TM) i3-5005U CPU @ 2.00GHz (family: 0x6, model: 0x3d, stepping: 0x4)
[    1.191572] Performance Events: unsupported p6 CPU model 61 no PMU driver, software events only.
[    1.196991] KVM setup paravirtual spinlock
[    1.200229] x86: Booting SMP configuration:
[    1.201794] .... node  #0, CPUs:      #1
[    1.207184] kvm-clock: cpu 1, msr 0:3ffe3041, secondary cpu clock
[    1.209879] mce: CPU supports 0 MCE banks
[    1.239346] x86: Booted up 1 node, 2 CPUs
[    1.241158] smpboot: Total of 2 processors activated (7981.53 BogoMIPS)
[    1.245052] devtmpfs: initialized
[    1.249114] evm: security.selinux
[    1.250424] evm: security.SMACK64
[    1.251656] evm: security.SMACK64EXEC
[    1.253004] evm: security.SMACK64TRANSMUTE
[    1.254480] evm: security.SMACK64MMAP
[    1.255770] evm: security.ima
[    1.256860] evm: security.capability
[    1.258643] clocksource: jiffies: mask: 0xffffffff max_cycles: 0xffffffff, max_idle_ns: 7645041785100000 ns
[    1.265290] futex hash table entries: 512 (order: 3, 32768 bytes)
[    1.267691] pinctrl core: initialized pinctrl subsystem
[    1.269616] RTC time:  9:16:04, date: 11/26/18
[    1.271406] NET: Registered protocol family 16
[    1.282717] cpuidle: using governor ladder
[    1.294721] cpuidle: using governor menu
[    1.303255] PCCT header not found.
[    1.304625] ACPI: bus type PCI registered
[    1.306046] acpiphp: ACPI Hot Plug PCI Controller Driver version: 0.5
[    1.309937] PCI: Using configuration type 1 for base access
[    1.331841] ACPI: Added _OSI(Module Device)
[    1.333378] ACPI: Added _OSI(Processor Device)
[    1.334909] ACPI: Added _OSI(3.0 _SCP Extensions)
[    1.336485] ACPI: Added _OSI(Processor Aggregator Device)
[    1.339576] ACPI: Executed 1 blocks of module-level executable AML code
[    1.353644] ACPI: Interpreter enabled
[    1.355313] ACPI: (supports S0 S5)
[    1.356918] ACPI: Using IOAPIC for interrupt routing
[    1.359271] PCI: Using host bridge windows from ACPI; if necessary, use "pci=nocrs" and report a bug
[    1.378130] ACPI: PCI Root Bridge [PCI0] (domain 0000 [bus 00-ff])
[    1.381414] acpi PNP0A03:00: _OSC: OS supports [ASPM ClockPM Segments MSI]
[    1.383962] acpi PNP0A03:00: _OSC: not requesting OS control; OS requires [ExtendedConfig ASPM ClockPM MSI]
[    1.387613] acpi PNP0A03:00: fail to add MMCONFIG information, can't access extended PCI configuration space under this bridge.
[    1.392543] PCI host bridge to bus 0000:00
[    1.394302] pci_bus 0000:00: root bus resource [io  0x0000-0x0cf7 window]
[    1.401157] pci_bus 0000:00: root bus resource [io  0x0d00-0xffff window]
[    1.403699] pci_bus 0000:00: root bus resource [mem 0x000a0000-0x000bffff window]
[    1.406915] pci_bus 0000:00: root bus resource [mem 0x40000000-0xfdffffff window]
[    1.418071] pci_bus 0000:00: root bus resource [bus 00-ff]
[    1.431374] pci 0000:00:01.1: legacy IDE quirk: reg 0x10: [io  0x01f0-0x01f7]
[    1.437401] pci 0000:00:01.1: legacy IDE quirk: reg 0x14: [io  0x03f6]
[    1.439493] pci 0000:00:01.1: legacy IDE quirk: reg 0x18: [io  0x0170-0x0177]
[    1.447964] pci 0000:00:01.1: legacy IDE quirk: reg 0x1c: [io  0x0376]
[    1.518542] pci 0000:00:07.0: quirk: [io  0x4000-0x403f] claimed by PIIX4 ACPI
[    1.521942] pci 0000:00:07.0: quirk: [io  0x4100-0x410f] claimed by PIIX4 SMB
[    1.540878] ACPI: PCI Interrupt Link [LNKA] (IRQs 5 9 10 *11)
[    1.543858] ACPI: PCI Interrupt Link [LNKB] (IRQs 5 9 *10 11)
[    1.547508] ACPI: PCI Interrupt Link [LNKC] (IRQs 5 *9 10 11)
[    1.550758] ACPI: PCI Interrupt Link [LNKD] (IRQs 5 9 10 *11)
[    1.554575] ACPI: Enabled 2 GPEs in block 00 to 07
[    1.556654] vgaarb: setting as boot device: PCI:0000:00:02.0
[    1.558438] vgaarb: device added: PCI:0000:00:02.0,decodes=io+mem,owns=io+mem,locks=none
[    1.561763] vgaarb: loaded
[    1.563321] vgaarb: bridge control possible 0000:00:02.0
[    1.567775] SCSI subsystem initialized
[    1.569872] ACPI: bus type USB registered
[    1.572788] usbcore: registered new interface driver usbfs
[    1.574592] usbcore: registered new interface driver hub
[    1.576571] usbcore: registered new device driver usb
[    1.588619] PCI: Using ACPI for IRQ routing
[    1.593556] NetLabel: Initializing
[    1.601117] NetLabel:  domain hash size = 128
[    1.610698] NetLabel:  protocols = UNLABELED CIPSOv4
[    1.613627] NetLabel:  unlabeled traffic allowed by default
[    1.617200] amd_nb: Cannot enumerate AMD northbridges
[    1.618749] clocksource: Switched to clocksource kvm-clock
[    1.647364] AppArmor: AppArmor Filesystem Enabled
[    1.649779] pnp: PnP ACPI init
[    1.652513] pnp: PnP ACPI: found 3 devices
[    1.673061] clocksource: acpi_pm: mask: 0xffffff max_cycles: 0xffffff, max_idle_ns: 2085701024 ns
[    1.676291] NET: Registered protocol family 2
[    1.679450] TCP established hash table entries: 8192 (order: 4, 65536 bytes)
[    1.682091] TCP bind hash table entries: 8192 (order: 5, 131072 bytes)
[    1.684245] TCP: Hash tables configured (established 8192 bind 8192)
[    1.686243] UDP hash table entries: 512 (order: 2, 16384 bytes)
[    1.688158] UDP-Lite hash table entries: 512 (order: 2, 16384 bytes)
[    1.690295] NET: Registered protocol family 1
    1.6961] pci 0000:00:00.0: Limiting direct PCI/PCI transfers
[    1.807386] pci 0000:00:01.0: Activating ISA DMA hang workarounds
[    1.809212] Unpacking initramfs...

[    2.357071] Freeing initrd memory: 14800K
[    2.359086] RAPL PMU detected, API unit is 2^-32 Joules, 4 fixed counters 10737418240 ms ovfl timer
[    2.372318] hw unit of domain pp0-core 2^-0 Joules
[    2.373934] hw unit of domain package 2^-0 Joules
[    2.375550] hw unit of domain dram 2^-0 Joules
[    2.377402] hw unit of domain pp1-gpu 2^-0 Joules
[    2.381026] platform rtc_cmos: registered platform RTC device (no PNP device found)
[    2.384116] Scanning for low memory corruption every 60 seconds
[    2.386643] audit: initializing netlink subsys (disabled)
[    2.388652] audit: type=2000 audit(1543223771.532:1): initialized
[    2.391198] Initialise system trusted keyring
[    2.393081] HugeTLB registered 2 MB page size, pre-allocated 0 pages
[    2.399786] zbud: loaded
[    2.401519] VFS: Disk quotas dquot_6.6.0
[    2.402990] VFS: Dquot-cache hash table entries: 512 (order 0, 4096 bytes)
[    2.405635] squashfs: version 4.0 (2009/01/31) Phillip Lougher
[    2.408386] fuse init (API version 7.23)
[    2.410794] Key type big_key registered
[    2.420611] Allocating IMA MOK and blacklist keyrings.
[    2.424569] Key type asymmetric registered
[    2.430936] Asymmetric key parser 'x509' registered
[    2.435320] Block layer SCSI generic (bsg) driver version 0.4 loaded (major 249)
[    2.437960] io scheduler noop registered
[    2.439372] io scheduler deadline registered (default)
[    2.441096] io scheduler cfq registered
[    2.442667] pci_hotplug: PCI Hot Plug PCI Core version: 0.5
[    2.444530] pciehp: PCI Express Hot Plug Controller Driver version: 0.4
[    2.456628] ACPI: AC Adapter [AC] (off-line)
[    2.466660] input: Power Button as /devices/LNXSYSTM:00/LNXPWRBN:00/input/input0
[    2.469346] ACPI: Power Button [PWRF]
[    2.476718] input: Sleep Button as /devices/LNXSYSTM:00/LNXSLPBN:00/input/input1
[    2.486450] ACPI: Sleep Button [SLPF]
[    2.489070] GHES: HEST is not enabled!
[    2.490477] ACPI: Battery Slot [BAT0] (battery present)
[    2.495424] Serial: 8250/16550 driver, 32 ports, IRQ sharing enabled
[    2.524711] 00:02: ttyS0 at I/O 0x3f8 (irq = 4, base_baud = 115200) is a 16550A
[    2.535108] Linux agpgart interface v0.103
[    2.541783] loop: module loaded
[    2.546488] scsi host0: ata_piix
[    2.555888] scsi host1: ata_piix
[    2.557628] ata1: PATA max UDMA/33 cmd 0x1f0 ctl 0x3f6 bmdma 0xd000 irq 14
[    2.560233] ata2: PATA max UDMA/33 cmd 0x170tl 0x376 bmdma 0xd0 irq 15

[    2.734345] libphy: Fixed MDIO Bus: probed
[    2.736378] tun: Universal TUN/TAP device driver, 1.6
[    2.738595] tun: (C) 1999-2004 Max Krasnyansky <maxk@qualcomm.com>
[    2.741666] PPP generic driver version 2.4.2
[    2.750290] ehci_hcd: USB 2.0 'Enhanced' Host Controller (EHCI) Driver
[    2.759004] ehci-pci: EHCI PCI platform driver
[    2.760849] ehci-platform: EHCI generic platform driver
[    2.774188] ohci_hcd: USB 1.1 'Open' Host Controller (OHCI) Driver
[    2.776553] ohci-pci: OHCI PCI platform driver
[    2.778553] ohci-platform: OHCI generic platform driver
[    2.783566] uhci_hcd: USB Universal Host Controller Interface driver
[    2.786931] i8042: PNP: PS/2 Controller [PNP0303:PS2K,PNP0f03:PS2M] at 0x60,0x64 irq 1,12
[    2.791140] serio: i8042 KBD port at 0x60,0x64 irq 1
[    2.798594] serio: i8042 AUX port at 0x60,0x64 irq 12
[    2.803229] mousedev: PS/2 mouse device common for all mice
[    2.806260] input: AT Translated Set 2 keyboard as /devices/platform/i8042/serio0/input/input2
[    2.809407] rtc_cmos rtc_cmos: rtc core: registered rtc_cmos as rtc0
[    2.813270] rtc_cmos rtc_cmos: alarms up to one day, 114 bytes nvram
[    2.826627] i2c /dev entries driver
[    2.832624] device-mapper: uevent: version 1.0.3
[    2.835872] device-mapper: ioctl: 4.34.0-ioctl (2015-10-28) initialised: dm-devel@redhat.com
[    2.849818] ledtrig-cpu: registered to indicate activity on CPUs
[    2.859674] NET: Registered protocol family 10
[    2.864053] NET: Registered protocol family 17
[    2.866179] Key type dns_resolver registered
[    2.881026] registered taskstats version 1
[    2.883568] Loading compiled-in X.509 certificates
[    2.888622] Loaded X.509 cert 'Build time autogenerated kernel key: a88b0f663ecfd40e6a501dee2f0b211d51902e35'
[    2.901159] zswap: loaded using pool lzo/zbud
[    2.907645] Key type trusted registered
[    2.918409] Key type encrypted registered
[    2.920492] AppArmor: AppArmor sha1 policy hashing enabled
[    2.922554] ima: No TPM chip found, activating TPM-bypass!
[    2.924212] ima: Allocated hash algorithm: sha1
[    2.925747] evm: HMAC attrs: 0x1
[    2.927480]   Magic number: 10:657:273
[    2.929332]   hash matches /build/linux-PrHwV2/linux-4.4.0/drivers/base/power/main.c:1211
[    2.938107] tty tty10: hash matches
[    2.939442] net lo: hash matches
[    2.940588] rtc_cmos rtc_cmos: setting system clock to 2018-11-26 09:16:06 UTC (1543223766)
[    2.957665] BIOS EDD facility v0.16 2004-Jun-25, 0 devices found
[    2.959747] EDD information not available.
[    2.964021] Freeing unused kernel memory: 1528K
[    2.985906] Write protecting the kernel read-only data: 14336k
[    2.988470] Freeing unused kernel memory: 1664K
[    2.990226] Freeing unused kernel memory: 92K
Loading, please wait...
starting version 229
[    3.019653] random: systemd-udevd: uninitialized urandom read (16 bytes read, 5 bits of entropy available)
[    3.021051] random: udevadm: uninitialized urandom read (16 bytes read, 5 bits of entropy available)
[    3.021092] random: udevadm: uninitialized urandom read (16 bytes read, 5 bits of entropy available)
[    3.040250] random: systemd-udevd: uninitialized urandom read (16 bytes read, 5 bits of entropy available)
[    3.042957] random: udevadm: uninitialized urandom read (16 bytes read, 5 bits of entropy available)
[    3.043049] random: udevadm: uninitialized urandom read (16 bytes read, 5 bits of entropy available)
[    3.043363] random: udevadm: uninitialized urandom read (16 bytes read, 5 bits of entropy available)
[    3.043472] random: udevadm: uninitialized urandom read (16 bytes read, 5 bits of entropy available)
[    3.043572] random: udevadm: uninitialized urandom read (16 bytes read, 5 bits of entropy available)
[    3.043680] random: udevadm: uninitialized urandom read (16 bytes read, 5 bits of entropy available)
[    3.176719] e1000: Intel(R) PRO/1000 Network Driver - version 7.3.21-k8-NAPI
[    3.179440] e1000: Copyright (c) 1999-2006 Intel Corporation.
[    3.194001] Fusion MPT base driver 3.04.20
[    3.202288] Copyright (c) 1999-2008 LSI Corporation
[    3.234754] Fusion MPT SPI Host driver 3.04.20
[    3.311986] AVX2 version of gcm_enc/dec engaged.
[    3.326172] AES CTR mode by8 optimization enabled
[    3.381296] tsc: Refined TSC clocksource calibration: 1996.150 MHz
[    3.383646] clocksource: tsc: mask: 0xffffffffffffffff max_cycles: 0x398bf244fd2, max_idle_ns: 881590548652 ns
[    3.398420] input: ImExPS/2 Generic Explorer Mouse as /devices/platform/i8042/serio1/input/input4
[    3.769770] e1000 0000:00:03.0 eth0: (PCI:33MHz:32-bit) 02:b7:b4:ca:a2:df
[    3.785043] e1000 0000:00:03.0 eth0: Intel(R) PRO/1000 Network Connection
[    3.799591] mptbase: ioc0: Initiating bringup
[    3.800085] e1000 0000:00:03.0 enp0s3: renamed from eth0
[    3.867648] ioc0: LSI53C1030 A0: Capabilities={Initiator}
[    4.037744] scsi host2: ioc0: LSI53C1030 A0, FwRev=00000000h, Ports=1, MaxQ=256, IRQ=20
[    4.152035] scsi 2:0:0:0: Direct-Access     VBOX     HARDDISK         1.0  PQ: 0 ANSI: 5
[    4.173975] scsi target2:0:0: Beginning Domain Validation
[    4.178696] scsi target2:0:0: Domain Validation skipping write tests
[    4.182260] scsi target2:0:0: Ending Domain Validation
[    4.185962] scsi target2:0:0: asynchronous
[    4.189858] scsi 2:0:1:0: Direct-Access     VBOX     HARDDISK         1.0  PQ: 0 ANSI: 5
[    4.199561] scsi target2:0:1: Beginning Domain Validation
[    4.204174] scsi target2:0:1: Domain Validation skipping write tests
[    4.206351] scsi target2:0:1: Ending Domain Validation
[    4.209844] scsi target2:0:1: asynchronous
[    4.226369] sd 2:0:0:0: Attached scsi generic sg0 type 0
[    4.228846] sd 2:0:0:0: [sda] 20971520 512-byte logical blocks: (10.7 GB/10.0 GiB)
[    4.234367] sd 2:0:1:0: [sdb] 20480 512-byte logical blocks: (10.5 MB/10.0 MiB)
[    4.240104] sd 2:0:1:0: Attached scsi generic sg1 type 0
[    4.242450] sd 2:0:0:0: [sda] Write Protect is off
[    4.249961] sd 2:0:1:0: [sdb] Write Protect is off
[    4.251779] sd 2:0:0:0: [sda] Incomplete mode parameter data
[    4.253917] sd 2:0:0:0: [sda] Assuming drive cache: write through
[    4.254977] sd 2:0:1:0: [sdb] Incomplete mode parameter data
[    4.254980] sd 2:0:1:0: [sdb] Assuming drive cache: write through
[    4.259440] sd 2:0:1:0: [sdb] Attached SCSI disk
[    4.269729]  sda: sda1
[    4.272706] sd 2:0:0:0: [sda] Attached SCSI disk
Begin: Loading essential drivers ... [    5.992477] md: linear personality registered for level -1
[    6.005584] md: multipath personality registered for level -4
[    6.012943] md: raid0 personality registered for level 0
[    6.032556] md: raid1 personality registered for level 1
[    6.111107] raid6: sse2x1   gen()  2714 MB/s
[    6.179429] raid6: sse2x1   xor()  2256 MB/s
[    6.247139] raid6: sse2x2   gen()  5218 MB/s
[    6.319284] raid6: sse2x2   xor()  3850 MB/s
[    6.387397] raid6: sse2x4   gen()  5678 MB/s
[    6.454817] raid6: sse2x4   xor()  4416 MB/s
[    6.527008] raid6: avx2x1   gen()  7645 MB/s
[    6.600214] raid6: avx2x2   gen() 10446 MB/s
[    6.666915] raid6: avx2x4   gen() 11266 MB/s
[    6.669386] raid6: using algorithm avx2x4 gen() 11266 MB/s
[    6.671270] raid6: using avx2x2 recovery algorithm
[    6.674496] xor: automatically using best checksumming function:
[    6.715538]    avx       : 14342.000 MB/sec
[    6.720922] async_tx: api initialized (async)
[    6.740890] md: raid6 personality registered for level 6
[    6.745155] md: raid5 personality registered for level 5
[    6.757572] md: raid4 personality registered for level 4
[    6.772825] md: raid10 personality registered for level 10
done.
Begin: Running /scripts/init-premount ... done.
Begin: Mounting root file system ... Begin: Running /scripts/local-top ... done.
Begin: Running /scripts/local-premount ... [    6.838358] Btrfs loaded
Scanning for Btrfs filesystems
done.
Warning: fsck not present, so skipping root file system
[    6.944868] EXT4-fs (sda1): INFO: recovery required on readonly filesystem
[    6.947443] EXT4-fs (sda1): write access will be enabled during recovery
[    7.140367] EXT4-fs (sda1): orphan cleanup on readonly fs
[    7.142309] EXT4-fs (sda1): 5 orphan inodes deleted
[    7.144143] EXT4-fs (sda1): recovery complete
[    7.146941] EXT4-fs (sda1): mounted filesystem with ordered data mode. Opts: (null)
done.
Begin: Running /scripts/local-bottom ... done.
Begin: Running /scripts/init-bottom ... done.
[    7.622080] random: nonblocking pool is initialized
[    7.663152] systemd[1]: systemd 229 running in system mode. (+PAM +AUDIT +SELINUX +IMA +APPARMOR +SMACK +SYSVINIT +UTMP +LIBCRYPTSETUP +GCRYPT +GNUTLS +ACL +XZ -LZ4 +SECCOMP +BLKID +ELFUTILS +KMOD -IDN)
[    7.671999] systemd[1]: Detected virtualization oracle.
[    7.673798] systemd[1]: Detected architecture x86-64.

Welcome to [1mUbuntu 16.04.5 LTS[0m!

[    7.695387] systemd[1]: Set hostname to <ubuntu-xenial>.
[    8.451291] systemd[1]: Listening on udev Kernel Socket.
[[0;32m  OK  [0m] Listening on udev Kernel Socket.
[    8.456848] systemd[1]: Reached target Swap.
[[0;32m  OK  [0m] Reached target Swap.
[    8.462128] systemd[1]: Listening on udev Control Socket. [[0;32m  OK  [0m] Listening on udev Control Socket.
[    8.709012] systemd[1]: Listening on Journal Socket.
[[0;32m  OK  [0m] Listening on Journal Socket.
[    8.821900] systemd[1]: Reached target System Time Synchronized.
[[0;32m  OK  [0m] Reached target System Time Synchronized.
[    8.827094] systemd[1]: Listening on Syslog Socket.
[[0;32m  OK  [0m] Listening on Syslog Socket.
[    8.83277] systemd[1]: Listening on Device-mapper event daemon FIFOs.
[[0;32m  OK  [0m] Listening on Device-mapper event daemon FIFOs.
[    8.877585] systemd[1]: Listening on Journal Socket (/dev/log).
[[0;32m  OK  [0m] Listening on Journal Socket (/dev/log).
[    8.902031] systemd[1]: Reached target User and Group Name Lookups.
[[0;32m  OK  [0m] Reached target User and Group Name Lookups.
[    8.907621] systemd[1]: Started Trigger resolvconf update for networkd DNS.
[[0;32m  OK  [0m] Started Trigger resolvconf update for networkd DNS.
[    8.919859] systemd[1]: Listening on Journal Audit Socket.
[[0;32m  OK  [0m] Listening on Journal Audit Socket.
[    8.924652] systemd[1]: Created slice User and Session Slice.
[[0;32m  OK  [0m] Created slice User and Session Slice.
[    8.930692] systemd[1]: Listening on LVM2 poll daemon socket.
[[0;32m  OK  [0m] Listening on LVM2 poll daemon socket.
[    8.952019] systemd[1]: Started Forward Password Requests to Wall Directory Watch.
[[0;32m  OK  [0m] Started Forward Password Requests to Wall Directory Watch.
[    8.957552] systemd[1]: Listening on LVM2 metadata daemon socket.
[[0;32m  OK  [0m] Listening on LVM2 metadata daemon socket.
[    8.961746] systemd[1]: Reached target Encrypted Volumes.
[[0;32m  OK  [0m] Reached target Encrypted Volumes.
[    8.968843] systemd[1]: Listening on /dev/initctl Compatibility Named Pipe.
[[0;32m  OK  [0m] Listening on /dev/initctl Compatibility Named Pipe.
[    8.975298] systemd[1]: Created slice System Slice.
[[0;32m  OK  [0m] Created slice System Slice.
[    8.992003] systemd[1]: Starting Uncomplicated firewall...
         Starting Uncomplicated firewall...
[    9.025881] systemd[1]: Starting Load Kernel Modules...
         Starting Load Kernel Modules...
[    9.055833] systemd[1]: Starting Create list of required static device nodes for the current kernel...
         Starting Create list of required st... nodes for the current kernel...
[    9.070490] systemd[1]: Starting Set console keymap...
         Starting Set console keymap...
[    9.075408] systemd[1]: Created slice system-serial\x2dgetty.slice.
[[0;32m  OK  [0m] Created slice system-serial\x2dgetty.slice.
[    9.119923] Loading iSCSI transport class v2.0-870.
[    9.123681] systemd[1]: Starting Nameserver information manager...
         Starting Nameserver information manager...
[    9.134335] systemd[1]: Starting Journal Service...
         Starting Journal Service...
[    9.149705] systemd[1]: Mounting Debug File System...
         Mounting Debug File System...
[    9.166773] systemd[1]: Mounting POSIX Message Queue File System...
         Mounting POSIX Message Queue File System...
[    9.174583] systemd[1]: Starting Remount Root and Kernel File Systems...
[    9.188538] iscsi: registered transport (tcp)
         Starting Remount Root and Kernel File Systems...
[    9.191786] systemd[1]: Reached target Slices.
[[0;32m  OK  [0m] Reached target Slices.
[    9.204867] systemd[1]: Set up automount Arbitrary Executable File Formats File System Automount Point.
[[0;32m  OK  [0m] Set up automount Arbitrary Executab...ats File System Automount Point.
[    9.234995] systemd[1]: Mounting Huge Pages File System...
         Mounting Huge Pages File System...
[    9.240929] systemd[1]: Starting Monitoring of LVM2 mirrors, snapshots etc. using dmeventd or progress polling...
         Starting Monitoring of LVM2 mirrors... dmeventd or progress polling...
[    9.269633] systemd[1]: Started Uncomplicated firewall.
[[0;32m  OK  [0[    9.275892] EXT4-fs (sda1): re-mounted. Opts: (null)
m] Started Uncomplicated firewall.
[    9.310541] systemd[1]: Started Create list of required static device nodes for the current kernel.
[[0;32m  OK  [0m] Started Create list of required sta...ce nodes for the current kernel.
[    9.359580] systemd[1]: Mounted Debug File System.
[[0;32m  OK  [0m] Mounted Debug File System.
[    9.385815] systemd[1]: Mounted POSIX Message Queue File System.
[[0;32m  OK  [0m] Mounted POSIX Message Queue File System.
[    9.396311] systemd[1]: Started Remount Root and Kernel File Systems.
[[0;32m  OK  [0m] Started Remount Root and Kernel File Systems.
[    9.406419] systemd[1]: Mounted Huge Pages File System.
[    9.408819] iscsi: registered transport (iser)
[[0;32m  OK  [0m] Mounted Huge Pages File System.
[    9.440942] systemd[1]: Started Load Kernel Modules.
[[0;32m  OK  [0m] Started Load Kernel Modules.
[    9.452132] systemd[1]: Started Nameserver information manager.
[[0;32m  OK  [0m] Started Nameserver information manager.
[    9.507997] systemd[1]: Started Set console keymap.
[[0;32m  OK  [0m] Started Set console keymap.
[    9.539971] systemd[1]: Started Journal Service.
[[0;32m  OK  [0m] Started Journal Service.
[[0;32m  OK  [0m] Started LVM2 metadata daemon.
         Mounting FUSE Control File System...
         Starting Apply Kernel Variables...
         Starting Flush Journal to Persistent Storage...
         Starting udev Coldplug all Devices...
         Starting Load/Save Random Seed...
         Starting Create Static Device Nodes in /dev...
[[0;32m  OK  [0m] Mounted FUSE Control File System.
[    9.795810] systemd-journald[383]: Received request to flush runtime journal from PID 1
[[0;32m  OK  [0m] Started Load/Save Random Seed.
[[0;32m  OK  [0m] Started Apply Kernel Variables.
[[0;32m  OK  [0m] Started Flush Journal to Persistent Storage.
[[0;32m  OK  [0m] Started Create Static Device Nodes in /dev.
         Starting udev Kernel Device Manager...
[[0;32m  OK  [0m] Started udev Coldplug all Devices.
[[0;32m  OK  [0m] Started Monitoring of LVM2 mirrors,...ng dmeventd or progress polling.
[[0;32m  OK  [0m] Started udev Kernel Device Manager.
[[0;32m  OK  [0m] Started Dispatch Password Requests to Console Directory Watch.
[[0;32m  OK  [0m] Reached target Local File Systems (Pre).
[[0;32m  OK  [0m] Reached target Local File Systems.
         Starting Create Volatile Files and Directories...
         Starting Tell Plymouth To Write Out Runtime Data...
         Starting Set console font and keymap...
         Starting LSB: AppArmor initialization...
         Starting Initial cloud-init job (pre-networking)...
[[0;32m  OK  [0m] Started Create Volatile Files and Directories.
[[0;32m  OK  [0m] Started Tell Plymouth To Write Out Runtime Data.
         Starting Update UTMP about System Boot/Shutdown...
[[0;32m  OK  [0m] Found device /dev/ttyS0.
[[0;32m  OK  [0m] Started Update UTMP about System Boot/Shutdown.
[[0;32m  OK  [0m] Listening on Load/Save RF Kill Switch Status /dev/rfkill Watch.
[[0;32m  OK  [0m] Found device 82540EM Gigabit Ethern...r (PRO/1000 MT Desktop Adapter).
[[0;32m  OK  [0m] Started LSB: AppArmor initialization.
[[0;32m  OK  [0m] Started Set console font and keymap.
[[0;32m  OK  [0m] Created slice system-getty.slice.
[   14.215181] cloud-init[504]: Cloud-init v. 18.4-0ubuntu1~16.04.2 running 'init-local' at Mon, 26 Nov 2018 09:16:17 +0000. Up 13.19 seconds.
[[0;32m  OK  [0m] Started Initial cloud-init job (pre-networking).
[[0;32m  OK  [0m] Reached target Network (Pre).
[[0;32m  OK  [0m] Started ifup for enp0s3.
         Starting Raise network interfaces...
[[0;32m  OK  [0m] Started Raise network interfaces.
[[0;32m  OK  [0m] Reached target Network.
         Starting Initial cloud-init job (metadata service crawler)...
[   16.996990] cloud-init[974]: Cloud-init v. 18.4-0ubuntu1~16.04.2 running 'init' at Mon, 26 Nov 2018 09:16:20 +0000. Up 15.91 seconds.
[   17.039774] cloud-init[974]: ci-info: ++++++++++++++++++++++++++++++++++++++Net device info++++++++++++++++++++++++++++++++++++++
[   17.044579] cloud-init[974]: ci-info: +--------+------+----------------------------+---------------+--------+-------------------+
[[0;32m  OK  [0m] Started Initial cloud-init job (metadata service crawler).
[[0;32m  OK  [0m] Reached target Network is Online.
[   17.126271] cloud-init[974]: ci-info: | Device |  Up  |          Address           |      Mask     | Scope  |     Hw-Address    |
[   17.146769] cloud-init[974]: ci-info: +--------+------+----------------------------+---------------+--------+-------------------+
[   17.168514] cloud-init[974]: ci-info: | enp0s3 | True |         10.0.2.15          | 255.255.255.0 | global | 02:b7:b4:ca:a2:df |
[   17.205523]          Starting iSCSI initiator daemon (iscsid)...
[cloud-init[0;32m  OK  [0m] Reached target Cloud-config availability.
[[0;32m  OK  [0m] Reached target System Initialization.
[974]: ci-info: | enp0s3 | True | fe80::b7:b4ff:feca:a2df/64 |       .       |  link  | 02:b7:b4:ca:a2:df |         Starting Socket activation for snappy daemon.
[[0;32m  OK  [0m] Started Daily Cleanup of Temporary Directories.

[   17.241696] [cloud-init[0;32m  OK  [0m[974]: ] ci-info: |   lo   | True |         127.0.0.1          |   255.0.0.0   |  host  |         .         |Started ACPI Events Check.

[[0;32m  OK  [0m] Reached target Paths.
[[0;32m  OK  [0m] Listening on UUID daemon activation socket.
[[0;32m  OK  [0m] [   17.242854] Listening on D-Bus System Message Bus Socket.cloud-init
[974]: ci-info: |   lo   | True |          ::1/128           |       .       |  host  |         .         |
[   17.308379]          cloud-initStarting LXD - unix socket.[974]: 
ci-info: +--------+------+----------------------------+---------------+--------+-------------------+
[   17.325097] [[0;32m  OK  [0m] Started Daily apt download activities.
[[0;32m  OK  [0m] Started Daily apt upgrade and clean activities.
[[0;32m  OK  [0m] Reached target Timers.
[[0;32m  OK  [0m] Listening on ACPID Listen Socket.
cloud-init[974]: ci-info: +++++++++++++++++++++++++++Route IPv4 info++++++++++++++++++++++++++++
[   17.338179] cloud-init[974]: ci-info: +-------+-------------+----------+---------------+-----------+-------+
[   17.357246] [[0;32m  OK  [0m] Listening on Socket activation for snappy daemon.
[[0;32m  OK  [0m] Listening on LXD - unix socket.
cloud-init[974]: ci-info: | Route | Destination | Gateway  |    Genmask    | Interface | Flags |
[   17.378349] [[0;32m  OK  [0m] Started iSCSI initiator daemon (iscsid).
cloud-init[974]: ci-info: +-------+-------------+----------+---------------+-----------+-------+
[   17.403239] cloud-init[974]: ci-info: |   0   |   0.0.0.0   | 10.0.2.2 |    0.0.0.0    |   enp0s3  |   UG  |
[   17.435216] cloud-init         Starting Login to default iSCSI targets...
[[0;32m  OK  [0m] Reached target Sockets.
[[0;32m  OK  [0m] Reached target Basic System.
[974]: ci-info: |   1   |   10.0.2.0  | 0.0.0.0  | 255.255.255.0 |   enp0s3  |   U   |
[   17.445253] cloud-init[974]: ci-info: +-------+-------------+----------+---------------+-----------+-------+
[   17.452230] [cloud-init[0;32m  OK  [0m[974]: ] ci-info: +++++++++++++++++++Route IPv6 info+++++++++++++++++++Started FUSE filesystem for LXC.

[   17.482398]          Starting /etc/rc.local Compatibility...
cloud-init[974]: ci-info: +-------+-------------+---------+-----------+-------+
[   17.489354] cloud-init[974]: ci-info: | Route | Destination | Gateway | Interface | Flags |
[   17.494755] cloud-init[974]: ci-info: +-------+-------------+---------+-----------+-------+
[   17.498287] cloud-init[974]: ci-info: |   0   |  fe80::/64  |    ::   |   enp0s3  |   U   |         Starting LSB: Record successful boot for GRUB...
         Starting Accounts Service...
         Starting MySQL Community Server...
         Starting LSB: MD monitoring daemon...
[[0;32m  OK  [0m] Started Unattended Upgrades Shutdown.
         Starting LXD - container startup/shutdown...

[   17.536712] cloud-init         Starting System Logging Service...
[974]: ci-info: |   4   |   ff00::/8  |    ::   |   enp0s3  |   U   |[[0;32m  OK  [0m] Started D-Bus System Message Bus.

[   17.548482] cloud-init[974]: ci-info: +-------+-------------+---------+-----------+-------+
[[0;32m  OK  [0m] Started Deferred execution scheduler.
         Starting OpenBSD Secure Shell server...
[[0;32m  OK  [0m] Started Regular background program processing daemon.
[[0;32m  OK  [0m] Started ACPI event daemon.
         Starting Virtualbox guest utils...
         Starting Login Service...
         Starting Snappy daemon...
[[0;32m  OK  [0m] Started System Logging Service.
[[0;32m  OK  [0m] Started /etc/rc.local Compatibility.
         Starting Authenticate and Authorize Users to Run Privileged Tasks...
[[0;32m  OK  [0m] Started Login Service.
[[0;32m  OK  [0m] Started LSB: Record successful boot for GRUB.
[[0;32m  OK  [0m] Started Login to default iSCSI targets.
[[0;32m  OK  [0m] Reached target Remote File Systems (Pre).
[[0;32m  OK  [0m] Reached target Remote File Systems.
         Starting LSB: Apache2 web server...
         Starting LSB: daemon to balance interrupts for SMP systems...
         Starting LSB: automatic crash report generation...
         Starting Permit User Sessions...
         Starting LSB: Set the CPU Frequency Scaling governor to "ondemand"...
[[0;32m  OK  [0m] Started LSB: MD monitoring daemon.
[[0;32m  OK  [0m] Started LSB: Set the CPU Frequency Scaling governor to "ondemand".
[[0;32m  OK  [0m] Started Permit User Sessions.
         Starting Hold until boot process finishes up...
         Starting Terminate Plymouth Boot Screen...
[[0;32m  OK  [0m] Started Hold until boot process finishes up.
[[0;32m  OK  [0m] Started Terminate Plymouth Boot Screen.
         Starting Set console scheme...
[[0;32m  OK  [0m] Started Getty on tty1.
[[0;32m  OK  [0m] Started Serial Getty on ttyS0.
[[0;32m  OK  [0m] Reached target Login Prompts.
[[0;32m  OK  [0m] Started OpenBSD Secure Shell server.
[[0;32m  OK  [0m] Started LSB: daemon to balance interrupts for SMP systems.
[[0;32m  OK  [0m] Started Set console scheme.
[[0;32m  OK  [0m] Started LSB: automatic crash report generation.
[[0;32m  OK  [0m] Started Authenticate and Authorize Users to Run Privileged Tasks.
[[0;32m  OK  [0m] Started Accounts Service.
[[0;32m  OK  [0m] Started Virtualbox guest utils.
[[0;32m  OK  [0m] Started LXD - container startup/shutdown.
[[0;32m  OK  [0m] Created slice User Slice of vagrant.
         Starting User Manager for UID 1000...
[[0;32m  OK  [0m] Started Session 1 of user vagrant.
[[0;32m  OK  [0m] Started Snappy daemon.
[[0;32m  OK  [0m] Started LSB: Apache2 web server.
         Starting Wait until snapd is fully seeded...
[[0;32m  OK  [0m] Started User Manager for UID 1000.
[[0;32m  OK  [0m] Started Wait until snapd is fully seeded.
         Starting Apply the settings specified in cloud-config...
[   25.188789] cloud-init[1333]: Cloud-init v. 18.4-0ubuntu1~16.04.2 running 'modules:config' at Mon, 26 Nov 2018 09:16:28 +0000. Up 23.91 seconds.

Ubuntu 16.04.5 LTS ubuntu-xenial ttyS0

ubuntu-xenial login: [   28.060784] cloud-init[1448]: Cloud-init v. 18.4-0ubuntu1~16.04.2 running 'modules:final' at Mon, 26 Nov 2018 09:16:32 +0000. Up 27.63 seconds.
[   28.062224] cloud-init[1448]: Cloud-init v. 18.4-0ubuntu1~16.04.2 finished at Mon, 26 Nov 2018 09:16:32 +0000. Datasource DataSourceNoCloud [seed=/dev/sdb][dsmode=net].  Up 28.04 seconds
[[0;32m  OK  [0m] Stopped target Timers.
         Stopping Authenticate and Authorize Users to Run Privileged Tasks...
         Stopping ACPI event daemon...
         Stopping Session 4 of user vagrant.
[[0;32m  OK  [0m] Stopped target Cloud-init target.
[[0;32m  OK  [0m] Stopped Execute cloud user/final scripts.
[[0;32m  OK  [0m] Stopped Apply the settings specified in cloud-config.
[[0;32m  OK  [0m] Stopped target Cloud-config availability.
[[0;32m  OK  [0m] Stopped target Graphical Interface.
         Stopping Accounts Service...
[[0;32m  OK  [0m]          Stopping Serial Getty on ttyS0...
         Stopping OpenBSD Secure Shell server...
         Stopping System Logging Service...
         Stopping Regular background program processing daemon...
         Stopping Deferred execution scheduler...
         Stopping MySQL Community Server...
         Stopping Virtualbox guest utils...
         Stopping LSB: Set the CPU Frequency Scaling governor to "ondemand"...
         Stopping LSB: daemon to balance interrupts for SMP systems...
         Stopping LSB: MD monitoring daemon...
         Stopping LSB: Apache2 web server...
         Stopping LSB: automatic crash report generation...
         Stopping LSB: Record successful boot for GRUB...
[[0;32m  OK  [0m] Stopped Daily apt upgrade and clean activities.
[[0;32m  OK  [0m] Stopped Daily apt download activities.
[[0;32m  OK  [0m] Stopped target System Time Synchronized.
         Stopping Unattended Upgrades Shutdown...
[[0;32m  OK  [0m] Closed Load/Save RF Kill Switch Status /dev/rfkill Watch.
         Stopping D-Bus System Message Bus...
[[0;32m  OK  [0m] Stopped Wait until snapd is fully seeded.
         Stopping Snappy daemon...
         Stopping LXD - container startup/shutdown...
         Stopping FUSE filesystem for LXC...
         Stopping User Manager for UID 1000...
[[0;32m  OK  [0m] Stopped Daily Cleanup of Temporary Directories.
[[0;32m  OK  [0m] Unmounted /var/lib/lxcfs.
[[0;32m  OK  [0m] Stopped Accounts Service.
[[0;32m  OK  [0m] Stopped System Logging Service.
[[0;32m  OK  [0m] Stopped Deferred execution scheduler.
[[0;32m  OK  [0m] Stopped Regular background program processing daemon.
[[0;32m  OK  [0m] Stopped ACPI event daemon.
[[0;32m  OK  [0m] Stopped Snappy daemon.
[[0;32m  OK  [0m] Stopped Authenticate and Authorize Users to Run Privileged Tasks.
[[0;32m  OK  [0m] Stopped Getty on tty1.
[[0;32m  OK  [0m] Stopped Serial Getty on ttyS0.
[[0;32m  OK  [0m] Stopped OpenBSD Secure Shell server.
[[0;32m  OK  [0m] Stopped User Manager for UID 1000.
[[0;32m  OK  [0m] Stopped Session 4 of user vagrant.
[[0;32m  OK  [0m] Stopped Unattended Upgrades Shutdown.
[[0;32m  OK  [0m] Stopped D-Bus System Message Bus.
[[0;32m  OK  [0m] Stopped FUSE filesystem for LXC.
[[0;32m  OK  [0m] Stopped LSB: Set the CPU Frequency Scaling governor to "ondemand".
[[0;32m  OK  [0m] Stopped Virtualbox guest utils.
[[0;32m  OK  [0m] Stopped LSB: daemon to balance interrupts for SMP systems.
[[0;32m  OK  [0m] Stopped LSB: MD monitoring daemon.
[[0;32m  OK  [0m] Stopped LSB: Record successful boot for GRUB.
[[0;32m  OK  [0m] Stopped LXD - container startup/shutdown.
[[0;32m  OK  [0m] Stopped LSB: automatic crash report generation.
[[0;32m  OK  [0m] Removed slice User Slice of vagrant.
         Stopping Login Service...
[[0;32m  OK  [0m] Removed slice system-serial\x2dgetty.slice.
[[0;32m  OK  [0m] Removed slice system-getty.slice.
[[0;32m  OK  [0m] Stopped /etc/rc.local Compatibility.
         Stopping Permit User Sessions...
[[0;32m  OK  [0m] Stopped Login Service.
[[0;32m  OK  [0m] Stopped Permit User Sessions.
[[0;32m  OK  [0m] Stopped target User and Group Name Lookups.
[[0;32m  OK  [0m] Stopped MySQL Community Server.
[[0;32m  OK  [0m] Stopped LSB: Apache2 web server.
[[0;32m  OK  [0m] Stopped target Basic System.
[[0;32m  OK  [0m] Stopped target Slices.
[[0;32m  OK  [0m] Removed slice User and Session Slice.
[[0;32m  OK  [0m] Stopped target Paths.
[[0;32m  OK  [0m] Stopped ACPI Events Check.
[[0;32m  OK  [0m] Stopped Forward Password Requests to Wall Directory Watch.
[[0;32m  OK  [0m] Stopped Dispatch Password Requests to Console Directory Watch.
[[0;32m  OK  [0m] Stopped target Sockets.
[[0;32m  OK  [0m] Closed UUID daemon activation socket.
[[0;32m  OK  [0m] Closed Socket activation for snappy daemon.
[[0;32m  OK  [0m] Closed D-Bus System Message Bus Socket.
[[0;32m  OK  [0m] Closed LXD - unix socket.
[[0;32m  OK  [0m] Closed ACPID Listen Socket.
[[0;32m  OK  [0m] Closed Syslog Socket.
[[0;32m  OK  [0m] Stopped target System Initialization.
[[0;32m  OK  [0m] Stopped target Encrypted Volumes.
         Stopping Update UTMP about System Boot/Shutdown...
         Stopping Load/Save Random Seed...
[[0;32m  OK  [0m] Stopped target Swap.
[[0;32m  OK  [0m] Stopped target Remote File Systems.
[[0;32m  OK  [0m] Stopped target Remote File Systems (Pre).
         Stopping Login to default iSCSI targets...
[[0;32m  OK  [0m] Stopped Load/Save Random Seed.
[[0;32m  OK  [0m] Stopped Update UTMP about System Boot/Shutdown.
[[0;32m  OK  [0m] Stopped Login to default iSCSI targets.
         Stopping iSCSI initiator daemon (iscsid)...
[[0;32m  OK  [0m] Stopped Create Volatile Files and Directories.
[[0;32m  OK  [0m] Stopped iSCSI initiator daemon (iscsid).
[[0;32m  OK  [0m] Stopped target Network is Online.
[[0;32m  OK  [0m] Stopped target Network.
[[0;32m  OK  [0m] Stopped Initial cloud-init job (metadata service crawler).
         Stopping Raise network interfaces...
[[0;32m  OK  [0m] Stopped Raise network interfaces.
[[0;32m  OK  [0m] Stopped Apply Kernel Variables.
[[0;32m  OK  [0m] Stopped Load Kernel Modules.
[[0;32m  OK  [0m] Stopped target Network (Pre).
[[0;32m  OK  [0m] Stopped Initial cloud-init job (pre-networking).
[[0;32m  OK  [0m] Stopped target Local File Systems.
         Unmounting /run/user/1000...
         Unmounting /vagrant...
         Unmounting /var/www/html...
[[0;32m  OK  [0m] Unmounted /run/user/1000.
[[0;32m  OK  [0m] Unmounted /vagrant.
[[0;32m  OK  [0m] Unmounted /var/www/html.
[[0;32m  OK  [0m] Reached target Unmount All Filesystems.
[[0;32m  OK  [0m] Stopped target Local File Systems (Pre).
         Stopping Monitoring of LVM2 mirrors... dmeventd or progress polling...
[[0;32m  OK  [0m] Stopped Create Static Device Nodes in /dev.
[[0;32m  OK  [0m] Stopped Remount Root and Kernel File Systems.
[[0;32m  OK  [0m] Reached target Shutdown.
[ 1377.422952] reboot: Power down
